warning: The `extra-build-dependencies` option is experimental and may change without warning. Pass `--preview-features extra-build-dependencies` to disable this warning.
Resolved 312 packages in 1ms
Audited 308 packages in 126ms
======== train ocean_emulator samudra w/ 3 gpus on LLC4320 data ========
training for 3 total epochs and saving checkpoints every 1
using 0 data workers and false pin memory
warning: The `extra-build-dependencies` option is experimental and may change without warning. Pass `--preview-features extra-build-dependencies` to disable this warning.
2026-03-14 22:35:57,891 - INFO - backend - auto backend detected CUDA
2026-03-14 22:35:58,008 - INFO - backend - auto backend detected CUDA
2026-03-14 22:35:58,014 - INFO - backend - auto backend detected CUDA
node2905:1799681:1799681 [0] NCCL INFO Bootstrap: Using ib0:172.16.29.5<0>
node2905:1799681:1799681 [0] NCCL INFO cudaDriverVersion 13010
node2905:1799681:1799681 [0] NCCL INFO NCCL version 2.27.5+cuda12.9
node2905:1799683:1799683 [2] NCCL INFO cudaDriverVersion 13010
node2905:1799683:1799683 [2] NCCL INFO Bootstrap: Using ib0:172.16.29.5<0>
node2905:1799683:1799683 [2] NCCL INFO NCCL version 2.27.5+cuda12.9
node2905:1799683:1799683 [2] NCCL INFO Comm config Blocking set to 1
node2905:1799681:1799681 [0] NCCL INFO Comm config Blocking set to 1
node2905:1799682:1799682 [1] NCCL INFO cudaDriverVersion 13010
node2905:1799682:1799682 [1] NCCL INFO Bootstrap: Using ib0:172.16.29.5<0>
node2905:1799682:1799682 [1] NCCL INFO NCCL version 2.27.5+cuda12.9
node2905:1799682:1799682 [1] NCCL INFO Comm config Blocking set to 1
node2905:1799683:1799776 [2] NCCL INFO NET/Plugin: Could not find: libnccl-net.so. 
node2905:1799681:1799782 [0] NCCL INFO NET/Plugin: Could not find: libnccl-net.so. 
node2905:1799683:1799776 [2] NCCL INFO NET/IB : Using [0]mlx5_0:1/IB [1]mlx5_1:1/IB [2]mlx5_2:1/IB [3]mlx5_3:1/IB [RO]; OOB ib0:172.16.29.5<0>
node2905:1799683:1799776 [2] NCCL INFO Initialized NET plugin IB
node2905:1799683:1799776 [2] NCCL INFO Assigned NET plugin IB to comm
node2905:1799683:1799776 [2] NCCL INFO Using network IB
node2905:1799681:1799782 [0] NCCL INFO NET/IB : Using [0]mlx5_0:1/IB [1]mlx5_1:1/IB [2]mlx5_2:1/IB [3]mlx5_3:1/IB [RO]; OOB ib0:172.16.29.5<0>
node2905:1799681:1799782 [0] NCCL INFO Initialized NET plugin IB
node2905:1799681:1799782 [0] NCCL INFO Assigned NET plugin IB to comm
node2905:1799681:1799782 [0] NCCL INFO Using network IB
node2905:1799682:1799783 [1] NCCL INFO NET/Plugin: Could not find: libnccl-net.so. 
node2905:1799682:1799783 [1] NCCL INFO NET/IB : Using [0]mlx5_0:1/IB [1]mlx5_1:1/IB [2]mlx5_2:1/IB [3]mlx5_3:1/IB [RO]; OOB ib0:172.16.29.5<0>
node2905:1799682:1799783 [1] NCCL INFO Initialized NET plugin IB
node2905:1799682:1799783 [1] NCCL INFO Assigned NET plugin IB to comm
node2905:1799682:1799783 [1] NCCL INFO Using network IB
node2905:1799683:1799776 [2] NCCL INFO DMA-BUF is available on GPU device 2
node2905:1799683:1799776 [2] NCCL INFO ncclCommInitRankConfig comm 0x5590909e8220 rank 2 nranks 3 cudaDev 2 nvmlDev 2 busId e4000 commId 0xf5061057563ce918 - Init START
node2905:1799681:1799782 [0] NCCL INFO DMA-BUF is available on GPU device 0
node2905:1799681:1799782 [0] NCCL INFO ncclCommInitRankConfig comm 0x55b393024220 rank 0 nranks 3 cudaDev 0 nvmlDev 0 busId 55000 commId 0xf5061057563ce918 - Init START
node2905:1799682:1799783 [1] NCCL INFO DMA-BUF is available on GPU device 1
node2905:1799682:1799783 [1] NCCL INFO ncclCommInitRankConfig comm 0x5650b2e83a60 rank 1 nranks 3 cudaDev 1 nvmlDev 1 busId d2000 commId 0xf5061057563ce918 - Init START
node2905:1799682:1799783 [1] NCCL INFO RAS client listening socket at ::1<28028>
node2905:1799683:1799776 [2] NCCL INFO RAS client listening socket at ::1<28028>
node2905:1799681:1799782 [0] NCCL INFO RAS client listening socket at ::1<28028>
node2905:1799682:1799783 [1] NCCL INFO Bootstrap timings total 0.000432 (create 0.000022, send 0.000070, recv 0.000052, ring 0.000043, delay 0.000000)
node2905:1799683:1799776 [2] NCCL INFO Bootstrap timings total 0.186745 (create 0.000022, send 0.000058, recv 0.023900, ring 0.000020, delay 0.000000)
node2905:1799681:1799782 [0] NCCL INFO Bootstrap timings total 0.162879 (create 0.000016, send 0.000056, recv 0.162506, ring 0.000022, delay 0.000000)
node2905:1799681:1799782 [0] NCCL INFO Setting affinity for GPU 0 to 2,4,6,8,10,12,14,16,18,20,22,24,26,28,30,32,34,36,66,68,70,72,74,76,78,80,82,84,86,88,90,92,94,96,98,100
node2905:1799683:1799776 [2] NCCL INFO Setting affinity for GPU 2 to 1,3,5,7,9,11,13,15,17,19,21,23,25,27,29,31,33,35,43,45,47,49,65,67,69,71,73,75,77,79,81,83,85,87,89,91,93,95,97,99,107,109,111,113
node2905:1799683:1799776 [2] NCCL INFO NVLS multicast support is not available on dev 2 (NVLS_NCHANNELS 0)
node2905:1799681:1799782 [0] NCCL INFO NVLS multicast support is not available on dev 0 (NVLS_NCHANNELS 0)
node2905:1799682:1799783 [1] NCCL INFO Setting affinity for GPU 1 to 1,3,5,7,9,11,13,15,17,19,21,23,25,27,29,31,33,35,43,45,47,49,65,67,69,71,73,75,77,79,81,83,85,87,89,91,93,95,97,99,107,109,111,113
node2905:1799682:1799783 [1] NCCL INFO NVLS multicast support is not available on dev 1 (NVLS_NCHANNELS 0)
node2905:1799683:1799776 [2] NCCL INFO comm 0x5590909e8220 rank 2 nRanks 3 nNodes 1 localRanks 3 localRank 2 MNNVL 0
node2905:1799682:1799783 [1] NCCL INFO comm 0x5650b2e83a60 rank 1 nRanks 3 nNodes 1 localRanks 3 localRank 1 MNNVL 0
node2905:1799681:1799782 [0] NCCL INFO comm 0x55b393024220 rank 0 nRanks 3 nNodes 1 localRanks 3 localRank 0 MNNVL 0
node2905:1799683:1799776 [2] NCCL INFO Trees [0] -1/-1/-1->2->1 [1] -1/-1/-1->2->1 [2] 1/-1/-1->2->0 [3] 1/-1/-1->2->0 [4] 0/-1/-1->2->1 [5] -1/-1/-1->2->0 [6] 0/-1/-1->2->-1 [7] 1/-1/-1->2->-1 [8] -1/-1/-1->2->1 [9] -1/-1/-1->2->1 [10] 1/-1/-1->2->0 [11] 1/-1/-1->2->0 [12] 0/-1/-1->2->1 [13] -1/-1/-1->2->0 [14] 0/-1/-1->2->-1 [15] 1/-1/-1->2->-1
node2905:1799682:1799783 [1] NCCL INFO Trees [0] 2/-1/-1->1->0 [1] 2/-1/-1->1->0 [2] -1/-1/-1->1->2 [3] -1/-1/-1->1->2 [4] 2/-1/-1->1->-1 [5] 0/-1/-1->1->-1 [6] -1/-1/-1->1->0 [7] 0/-1/-1->1->2 [8] 2/-1/-1->1->0 [9] 2/-1/-1->1->0 [10] -1/-1/-1->1->2 [11] -1/-1/-1->1->2 [12] 2/-1/-1->1->-1 [13] 0/-1/-1->1->-1 [14] -1/-1/-1->1->0 [15] 0/-1/-1->1->2
node2905:1799683:1799776 [2] NCCL INFO P2P Chunksize set to 524288
node2905:1799682:1799783 [1] NCCL INFO P2P Chunksize set to 524288
node2905:1799681:1799782 [0] NCCL INFO Channel 00/16 : 0 1 2
node2905:1799681:1799782 [0] NCCL INFO Channel 01/16 : 0 1 2
node2905:1799681:1799782 [0] NCCL INFO Channel 02/16 : 0 2 1
node2905:1799681:1799782 [0] NCCL INFO Channel 03/16 : 0 2 1
node2905:1799681:1799782 [0] NCCL INFO Channel 04/16 : 0 1 2
node2905:1799681:1799782 [0] NCCL INFO Channel 05/16 : 0 1 2
node2905:1799681:1799782 [0] NCCL INFO Channel 06/16 : 0 2 1
node2905:1799681:1799782 [0] NCCL INFO Channel 07/16 : 0 2 1
node2905:1799681:1799782 [0] NCCL INFO Channel 08/16 : 0 1 2
node2905:1799681:1799782 [0] NCCL INFO Channel 09/16 : 0 1 2
node2905:1799681:1799782 [0] NCCL INFO Channel 10/16 : 0 2 1
node2905:1799681:1799782 [0] NCCL INFO Channel 11/16 : 0 2 1
node2905:1799681:1799782 [0] NCCL INFO Channel 12/16 : 0 1 2
node2905:1799681:1799782 [0] NCCL INFO Channel 13/16 : 0 1 2
node2905:1799681:1799782 [0] NCCL INFO Channel 14/16 : 0 2 1
node2905:1799681:1799782 [0] NCCL INFO Channel 15/16 : 0 2 1
node2905:1799681:1799782 [0] NCCL INFO Trees [0] 1/-1/-1->0->-1 [1] 1/-1/-1->0->-1 [2] 2/-1/-1->0->-1 [3] 2/-1/-1->0->-1 [4] -1/-1/-1->0->2 [5] 2/-1/-1->0->1 [6] 1/-1/-1->0->2 [7] -1/-1/-1->0->1 [8] 1/-1/-1->0->-1 [9] 1/-1/-1->0->-1 [10] 2/-1/-1->0->-1 [11] 2/-1/-1->0->-1 [12] -1/-1/-1->0->2 [13] 2/-1/-1->0->1 [14] 1/-1/-1->0->2 [15] -1/-1/-1->0->1
node2905:1799681:1799782 [0] NCCL INFO P2P Chunksize set to 524288
node2905:1799683:1799776 [2] NCCL INFO PROFILER/Plugin: Could not find: libnccl-profiler.so. 
node2905:1799682:1799783 [1] NCCL INFO PROFILER/Plugin: Could not find: libnccl-profiler.so. 
node2905:1799683:1799800 [2] NCCL INFO [Proxy Service] Device 2 CPU core 91
node2905:1799683:1799802 [2] NCCL INFO [Proxy Service UDS] Device 2 CPU core 93
node2905:1799682:1799801 [1] NCCL INFO [Proxy Service] Device 1 CPU core 91
node2905:1799682:1799803 [1] NCCL INFO [Proxy Service UDS] Device 1 CPU core 93
node2905:1799681:1799782 [0] NCCL INFO PROFILER/Plugin: Could not find: libnccl-profiler.so. 
node2905:1799681:1799782 [0] NCCL INFO Check P2P Type isAllDirectP2p 1 directMode 0
node2905:1799681:1799804 [0] NCCL INFO [Proxy Service] Device 0 CPU core 86
node2905:1799681:1799805 [0] NCCL INFO [Proxy Service UDS] Device 0 CPU core 88
node2905:1799682:1799783 [1] NCCL INFO threadThresholds 8/8/64 | 24/8/64 | 512 | 512
node2905:1799682:1799783 [1] NCCL INFO 16 coll channels, 16 collnet channels, 0 nvls channels, 16 p2p channels, 16 p2p channels per peer
node2905:1799683:1799776 [2] NCCL INFO threadThresholds 8/8/64 | 24/8/64 | 512 | 512
node2905:1799683:1799776 [2] NCCL INFO 16 coll channels, 16 collnet channels, 0 nvls channels, 16 p2p channels, 16 p2p channels per peer
node2905:1799681:1799782 [0] NCCL INFO threadThresholds 8/8/64 | 24/8/64 | 512 | 512
node2905:1799681:1799782 [0] NCCL INFO 16 coll channels, 16 collnet channels, 0 nvls channels, 16 p2p channels, 16 p2p channels per peer
node2905:1799681:1799782 [0] NCCL INFO CC Off, workFifoBytes 1048576
node2905:1799682:1799783 [1] NCCL INFO TUNER/Plugin: Could not find: libnccl-tuner.so. Using internal tuner plugin.
node2905:1799682:1799783 [1] NCCL INFO ncclCommInitRankConfig comm 0x5650b2e83a60 rank 1 nranks 3 cudaDev 1 nvmlDev 1 busId d2000 commId 0xf5061057563ce918 - Init COMPLETE
node2905:1799682:1799783 [1] NCCL INFO Init timings - ncclCommInitRankConfig: rank 1 nranks 3 total 0.74 (kernels 0.43, alloc 0.28, bootstrap 0.00, allgathers 0.00, topo 0.01, graphs 0.00, connections 0.01, rest 0.00)
node2905:1799681:1799782 [0] NCCL INFO TUNER/Plugin: Could not find: libnccl-tuner.so. Using internal tuner plugin.
node2905:1799683:1799776 [2] NCCL INFO TUNER/Plugin: Could not find: libnccl-tuner.so. Using internal tuner plugin.
node2905:1799681:1799782 [0] NCCL INFO ncclCommInitRankConfig comm 0x55b393024220 rank 0 nranks 3 cudaDev 0 nvmlDev 0 busId 55000 commId 0xf5061057563ce918 - Init COMPLETE
node2905:1799683:1799776 [2] NCCL INFO ncclCommInitRankConfig comm 0x5590909e8220 rank 2 nranks 3 cudaDev 2 nvmlDev 2 busId e4000 commId 0xf5061057563ce918 - Init COMPLETE
node2905:1799681:1799782 [0] NCCL INFO Init timings - ncclCommInitRankConfig: rank 0 nranks 3 total 0.75 (kernels 0.17, alloc 0.39, bootstrap 0.16, allgathers 0.00, topo 0.01, graphs 0.01, connections 0.01, rest 0.00)
node2905:1799683:1799776 [2] NCCL INFO Init timings - ncclCommInitRankConfig: rank 2 nranks 3 total 0.78 (kernels 0.17, alloc 0.40, bootstrap 0.19, allgathers 0.00, topo 0.01, graphs 0.00, connections 0.01, rest 0.00)
[W314 22:35:59.651228450 Utils.hpp:137] Warning: Environment variable TORCH_NCCL_TRACE_BUFFER_SIZE is deprecated; use TORCH_FR_BUFFER_SIZE instead (function operator())
[W314 22:35:59.651227170 Utils.hpp:137] Warning: Environment variable TORCH_NCCL_TRACE_BUFFER_SIZE is deprecated; use TORCH_FR_BUFFER_SIZE instead (function operator())
2026-03-14 22:35:59,303 - INFO - distributed - | distributed init (rank 2), gpu 2, world_size 3, dist_url env://
2026-03-14 22:35:59,304 - INFO - distributed - | distributed init (rank 1), gpu 1, world_size 3, dist_url env://
node2905:1799683:1799806 [2] NCCL INFO Channel 00/0 : 2[2] -> 0[0] via P2P/CUMEM
node2905:1799683:1799806 [2] NCCL INFO Channel 01/0 : 2[2] -> 0[0] via P2P/CUMEM
node2905:1799683:1799806 [2] NCCL INFO Channel 04/0 : 2[2] -> 0[0] via P2P/CUMEM
node2905:1799683:1799806 [2] NCCL INFO Channel 05/0 : 2[2] -> 0[0] via P2P/CUMEM
node2905:1799683:1799806 [2] NCCL INFO Channel 08/0 : 2[2] -> 0[0] via P2P/CUMEM
node2905:1799683:1799806 [2] NCCL INFO Channel 09/0 : 2[2] -> 0[0] via P2P/CUMEM
node2905:1799683:1799806 [2] NCCL INFO Channel 12/0 : 2[2] -> 0[0] via P2P/CUMEM
node2905:1799683:1799806 [2] NCCL INFO Channel 13/0 : 2[2] -> 0[0] via P2P/CUMEM
node2905:1799682:1799807 [1] NCCL INFO Channel 00/0 : 1[1] -> 2[2] via P2P/CUMEM
node2905:1799682:1799807 [1] NCCL INFO Channel 01/0 : 1[1] -> 2[2] via P2P/CUMEM
node2905:1799682:1799807 [1] NCCL INFO Channel 04/0 : 1[1] -> 2[2] via P2P/CUMEM
node2905:1799682:1799807 [1] NCCL INFO Channel 05/0 : 1[1] -> 2[2] via P2P/CUMEM
node2905:1799682:1799807 [1] NCCL INFO Channel 08/0 : 1[1] -> 2[2] via P2P/CUMEM
node2905:1799682:1799807 [1] NCCL INFO Channel 09/0 : 1[1] -> 2[2] via P2P/CUMEM
node2905:1799682:1799807 [1] NCCL INFO Channel 12/0 : 1[1] -> 2[2] via P2P/CUMEM
node2905:1799682:1799807 [1] NCCL INFO Channel 13/0 : 1[1] -> 2[2] via P2P/CUMEM
[W314 22:35:59.665531188 Utils.hpp:137] Warning: Environment variable TORCH_NCCL_TRACE_BUFFER_SIZE is deprecated; use TORCH_FR_BUFFER_SIZE instead (function operator())
2026-03-14 22:35:59,318 - INFO - distributed - | distributed init (rank 0), gpu 0, world_size 3, dist_url env://
node2905:1799681:1799808 [0] NCCL INFO Channel 00/0 : 0[0] -> 1[1] via P2P/CUMEM
node2905:1799681:1799808 [0] NCCL INFO Channel 01/0 : 0[0] -> 1[1] via P2P/CUMEM
node2905:1799681:1799808 [0] NCCL INFO Channel 04/0 : 0[0] -> 1[1] via P2P/CUMEM
node2905:1799681:1799808 [0] NCCL INFO Channel 05/0 : 0[0] -> 1[1] via P2P/CUMEM
node2905:1799681:1799808 [0] NCCL INFO Channel 08/0 : 0[0] -> 1[1] via P2P/CUMEM
node2905:1799681:1799808 [0] NCCL INFO Channel 09/0 : 0[0] -> 1[1] via P2P/CUMEM
node2905:1799681:1799808 [0] NCCL INFO Channel 12/0 : 0[0] -> 1[1] via P2P/CUMEM
node2905:1799681:1799808 [0] NCCL INFO Channel 13/0 : 0[0] -> 1[1] via P2P/CUMEM
node2905:1799682:1799807 [1] NCCL INFO Channel 02/0 : 1[1] -> 0[0] via P2P/CUMEM
node2905:1799683:1799806 [2] NCCL INFO Channel 02/0 : 2[2] -> 1[1] via P2P/CUMEM
node2905:1799681:1799808 [0] NCCL INFO Channel 02/0 : 0[0] -> 2[2] via P2P/CUMEM
node2905:1799682:1799807 [1] NCCL INFO Channel 03/0 : 1[1] -> 0[0] via P2P/CUMEM
node2905:1799683:1799806 [2] NCCL INFO Channel 03/0 : 2[2] -> 1[1] via P2P/CUMEM
node2905:1799681:1799808 [0] NCCL INFO Channel 03/0 : 0[0] -> 2[2] via P2P/CUMEM
node2905:1799681:1799808 [0] NCCL INFO Channel 06/0 : 0[0] -> 2[2] via P2P/CUMEM
node2905:1799683:1799806 [2] NCCL INFO Channel 06/0 : 2[2] -> 1[1] via P2P/CUMEM
node2905:1799682:1799807 [1] NCCL INFO Channel 06/0 : 1[1] -> 0[0] via P2P/CUMEM
node2905:1799681:1799808 [0] NCCL INFO Channel 07/0 : 0[0] -> 2[2] via P2P/CUMEM
node2905:1799683:1799806 [2] NCCL INFO Channel 07/0 : 2[2] -> 1[1] via P2P/CUMEM
node2905:1799682:1799807 [1] NCCL INFO Channel 07/0 : 1[1] -> 0[0] via P2P/CUMEM
node2905:1799683:1799806 [2] NCCL INFO Channel 10/0 : 2[2] -> 1[1] via P2P/CUMEM
node2905:1799682:1799807 [1] NCCL INFO Channel 10/0 : 1[1] -> 0[0] via P2P/CUMEM
node2905:1799681:1799808 [0] NCCL INFO Channel 10/0 : 0[0] -> 2[2] via P2P/CUMEM
node2905:1799681:1799808 [0] NCCL INFO Channel 11/0 : 0[0] -> 2[2] via P2P/CUMEM
node2905:1799683:1799806 [2] NCCL INFO Channel 11/0 : 2[2] -> 1[1] via P2P/CUMEM
node2905:1799682:1799807 [1] NCCL INFO Channel 11/0 : 1[1] -> 0[0] via P2P/CUMEM
node2905:1799682:1799807 [1] NCCL INFO Channel 14/0 : 1[1] -> 0[0] via P2P/CUMEM
node2905:1799683:1799806 [2] NCCL INFO Channel 14/0 : 2[2] -> 1[1] via P2P/CUMEM
node2905:1799681:1799808 [0] NCCL INFO Channel 14/0 : 0[0] -> 2[2] via P2P/CUMEM
node2905:1799683:1799806 [2] NCCL INFO Channel 15/0 : 2[2] -> 1[1] via P2P/CUMEM
node2905:1799682:1799807 [1] NCCL INFO Channel 15/0 : 1[1] -> 0[0] via P2P/CUMEM
node2905:1799681:1799808 [0] NCCL INFO Channel 15/0 : 0[0] -> 2[2] via P2P/CUMEM
node2905:1799682:1799807 [1] NCCL INFO Connected all rings, use ring PXN 0 GDR 1
node2905:1799683:1799806 [2] NCCL INFO Connected all rings, use ring PXN 0 GDR 1
node2905:1799681:1799808 [0] NCCL INFO Connected all rings, use ring PXN 0 GDR 1
2026-03-14 22:35:59,595 - INFO - backend - succeeded in initializing distributed mode
2026-03-14 22:35:59,599 - INFO - train - Prognostic variables: U_0, U_1, U_2, U_3, U_4, U_5, U_6, U_7, U_8, U_9, U_10, U_11, U_12, U_13, U_14, U_15, U_16, U_17, U_18, V_0, V_1, V_2, V_3, V_4, V_5, V_6, V_7, V_8, V_9, V_10, V_11, V_12, V_13, V_14, V_15, V_16, V_17, V_18, Theta_0, Theta_1, Theta_2, Theta_3, Theta_4, Theta_5, Theta_6, Theta_7, Theta_8, Theta_9, Theta_10, Theta_11, Theta_12, Theta_13, Theta_14, Theta_15, Theta_16, Theta_17, Theta_18, Salt_0, Salt_1, Salt_2, Salt_3, Salt_4, Salt_5, Salt_6, Salt_7, Salt_8, Salt_9, Salt_10, Salt_11, Salt_12, Salt_13, Salt_14, Salt_15, Salt_16, Salt_17, Salt_18, Eta
2026-03-14 22:35:59,599 - INFO - train - Boundary variables: oceTAUX, oceTAUY, oceQnet, Eta
2026-03-14 22:35:59,599 - INFO - train - Levels: 19
2026-03-14 22:36:01,451 - INFO - logging - 
=== Warning Details ===
2026-03-14 22:36:01,451 - INFO - logging - Message: Failed to open Zarr store with consolidated metadata, but successfully read with non-consolidated metadata. This is typically much slower for opening a dataset. To silence this warning, consider:
1. Consolidating metadata in this existing store with zarr.consolidate_metadata().
2. Explicitly setting consolidated=False, to avoid trying to read consolidate metadata, or
3. Explicitly setting consolidated=True, to raise an error in this case instead of falling back to try reading non-consolidated metadata.
2026-03-14 22:36:01,451 - INFO - logging - Category: <class 'RuntimeWarning'>
2026-03-14 22:36:01,451 - INFO - logging - File: /orcd/home/002/codycruz/Ocean_Emulator_gpudecode/src/ocean_emulators/utils/location.py
2026-03-14 22:36:01,451 - INFO - logging - Line: 237
2026-03-14 22:36:01,451 - INFO - logging - 
Full stack trace:
2026-03-14 22:36:01,457 - INFO - logging -   File "<frozen runpy>", line 198, in _run_module_as_main
2026-03-14 22:36:01,457 - INFO - logging -   File "<frozen runpy>", line 88, in _run_code
2026-03-14 22:36:01,457 - INFO - logging -   File "/orcd/home/002/codycruz/Ocean_Emulator_gpudecode/src/ocean_emulators/train.py", line 1089, in <module>
2026-03-14 22:36:01,457 - INFO - logging -     main()
2026-03-14 22:36:01,457 - INFO - logging -   File "/orcd/home/002/codycruz/Ocean_Emulator_gpudecode/src/ocean_emulators/train.py", line 1079, in main
2026-03-14 22:36:01,457 - INFO - logging -     trainer = Trainer(cfg)
2026-03-14 22:36:01,458 - INFO - logging -   File "/orcd/home/002/codycruz/Ocean_Emulator_gpudecode/src/ocean_emulators/train.py", line 132, in __init__
2026-03-14 22:36:01,458 - INFO - logging -     self.data_container = cfg.data.build(
2026-03-14 22:36:01,458 - INFO - logging -   File "/orcd/home/002/codycruz/Ocean_Emulator_gpudecode/src/ocean_emulators/config.py", line 214, in build
2026-03-14 22:36:01,458 - INFO - logging -     src, fork = make_source(
2026-03-14 22:36:01,458 - INFO - logging -   File "/orcd/home/002/codycruz/Ocean_Emulator_gpudecode/src/ocean_emulators/config.py", line 191, in make_source
2026-03-14 22:36:01,458 - INFO - logging -     data_source = DataSource.from_locations(
2026-03-14 22:36:01,458 - INFO - logging -   File "/orcd/home/002/codycruz/Ocean_Emulator_gpudecode/src/ocean_emulators/utils/data.py", line 454, in from_locations
2026-03-14 22:36:01,458 - INFO - logging -     data = data_location.open(chunks, use_gpu_zarr_decode=zarr_gpu_decode)
2026-03-14 22:36:01,458 - INFO - logging -   File "/orcd/home/002/codycruz/Ocean_Emulator_gpudecode/src/ocean_emulators/utils/location.py", line 234, in open
2026-03-14 22:36:01,458 - INFO - logging -     return _open_with_optional_gpu_decode(
2026-03-14 22:36:01,458 - INFO - logging -   File "/orcd/home/002/codycruz/Ocean_Emulator_gpudecode/src/ocean_emulators/utils/location.py", line 74, in _open_with_optional_gpu_decode
2026-03-14 22:36:01,458 - INFO - logging -     return open_dataset()
2026-03-14 22:36:01,458 - INFO - logging -   File "/orcd/home/002/codycruz/Ocean_Emulator_gpudecode/src/ocean_emulators/utils/location.py", line 237, in <lambda>
2026-03-14 22:36:01,458 - INFO - logging -     open_dataset=lambda: xr.open_dataset(
2026-03-14 22:36:01,458 - INFO - logging -   File "/orcd/home/002/codycruz/Ocean_Emulator_gpudecode/.venv/lib64/python3.12/site-packages/xarray/backends/api.py", line 607, in open_dataset
2026-03-14 22:36:01,458 - INFO - logging -     backend_ds = backend.open_dataset(
2026-03-14 22:36:01,458 - INFO - logging -   File "/orcd/home/002/codycruz/Ocean_Emulator_gpudecode/.venv/lib64/python3.12/site-packages/xarray/backends/zarr.py", line 1683, in open_dataset
2026-03-14 22:36:01,458 - INFO - logging -     store = ZarrStore.open_group(
2026-03-14 22:36:01,458 - INFO - logging -   File "/orcd/home/002/codycruz/Ocean_Emulator_gpudecode/.venv/lib64/python3.12/site-packages/xarray/backends/zarr.py", line 722, in open_group
2026-03-14 22:36:01,458 - INFO - logging -     ) = _get_open_params(
2026-03-14 22:36:01,458 - INFO - logging -   File "/orcd/home/002/codycruz/Ocean_Emulator_gpudecode/.venv/lib64/python3.12/site-packages/xarray/backends/zarr.py", line 1896, in _get_open_params
2026-03-14 22:36:01,458 - INFO - logging -     emit_user_level_warning(
2026-03-14 22:36:01,458 - INFO - logging -   File "/orcd/home/002/codycruz/Ocean_Emulator_gpudecode/.venv/lib64/python3.12/site-packages/xarray/core/utils.py", line 1268, in emit_user_level_warning
2026-03-14 22:36:01,458 - INFO - logging -     return warnings.warn(message, category=category, stacklevel=stacklevel)
2026-03-14 22:36:01,458 - INFO - logging -   File "/usr/lib64/python3.12/warnings.py", line 110, in _showwarnmsg
2026-03-14 22:36:01,458 - INFO - logging -     sw(msg.message, msg.category, msg.filename, msg.lineno,
2026-03-14 22:36:01,458 - INFO - logging - =====================

2026-03-14 22:36:19,511 - INFO - logging - 
=== Warning Details ===
2026-03-14 22:36:19,511 - INFO - logging - Message: Failed to open Zarr store with consolidated metadata, but successfully read with non-consolidated metadata. This is typically much slower for opening a dataset. To silence this warning, consider:
1. Consolidating metadata in this existing store with zarr.consolidate_metadata().
2. Explicitly setting consolidated=False, to avoid trying to read consolidate metadata, or
3. Explicitly setting consolidated=True, to raise an error in this case instead of falling back to try reading non-consolidated metadata.
2026-03-14 22:36:19,511 - INFO - logging - Category: <class 'RuntimeWarning'>
2026-03-14 22:36:19,511 - INFO - logging - File: /orcd/home/002/codycruz/Ocean_Emulator_gpudecode/src/ocean_emulators/utils/location.py
2026-03-14 22:36:19,511 - INFO - logging - Line: 237
2026-03-14 22:36:19,511 - INFO - logging - 
Full stack trace:
2026-03-14 22:36:19,512 - INFO - logging -   File "<frozen runpy>", line 198, in _run_module_as_main
2026-03-14 22:36:19,512 - INFO - logging -   File "<frozen runpy>", line 88, in _run_code
2026-03-14 22:36:19,512 - INFO - logging -   File "/orcd/home/002/codycruz/Ocean_Emulator_gpudecode/src/ocean_emulators/train.py", line 1089, in <module>
2026-03-14 22:36:19,512 - INFO - logging -     main()
2026-03-14 22:36:19,512 - INFO - logging -   File "/orcd/home/002/codycruz/Ocean_Emulator_gpudecode/src/ocean_emulators/train.py", line 1079, in main
2026-03-14 22:36:19,512 - INFO - logging -     trainer = Trainer(cfg)
2026-03-14 22:36:19,512 - INFO - logging -   File "/orcd/home/002/codycruz/Ocean_Emulator_gpudecode/src/ocean_emulators/train.py", line 132, in __init__
2026-03-14 22:36:19,512 - INFO - logging -     self.data_container = cfg.data.build(
2026-03-14 22:36:19,512 - INFO - logging -   File "/orcd/home/002/codycruz/Ocean_Emulator_gpudecode/src/ocean_emulators/config.py", line 230, in build
2026-03-14 22:36:19,512 - INFO - logging -     inference_source, _ = make_source(
2026-03-14 22:36:19,512 - INFO - logging -   File "/orcd/home/002/codycruz/Ocean_Emulator_gpudecode/src/ocean_emulators/config.py", line 191, in make_source
2026-03-14 22:36:19,512 - INFO - logging -     data_source = DataSource.from_locations(
2026-03-14 22:36:19,512 - INFO - logging -   File "/orcd/home/002/codycruz/Ocean_Emulator_gpudecode/src/ocean_emulators/utils/data.py", line 454, in from_locations
2026-03-14 22:36:19,512 - INFO - logging -     data = data_location.open(chunks, use_gpu_zarr_decode=zarr_gpu_decode)
2026-03-14 22:36:19,512 - INFO - logging -   File "/orcd/home/002/codycruz/Ocean_Emulator_gpudecode/src/ocean_emulators/utils/location.py", line 234, in open
2026-03-14 22:36:19,512 - INFO - logging -     return _open_with_optional_gpu_decode(
2026-03-14 22:36:19,512 - INFO - logging -   File "/orcd/home/002/codycruz/Ocean_Emulator_gpudecode/src/ocean_emulators/utils/location.py", line 74, in _open_with_optional_gpu_decode
2026-03-14 22:36:19,512 - INFO - logging -     return open_dataset()
2026-03-14 22:36:19,512 - INFO - logging -   File "/orcd/home/002/codycruz/Ocean_Emulator_gpudecode/src/ocean_emulators/utils/location.py", line 237, in <lambda>
2026-03-14 22:36:19,512 - INFO - logging -     open_dataset=lambda: xr.open_dataset(
2026-03-14 22:36:19,512 - INFO - logging -   File "/orcd/home/002/codycruz/Ocean_Emulator_gpudecode/.venv/lib64/python3.12/site-packages/xarray/backends/api.py", line 607, in open_dataset
2026-03-14 22:36:19,512 - INFO - logging -     backend_ds = backend.open_dataset(
2026-03-14 22:36:19,513 - INFO - logging -   File "/orcd/home/002/codycruz/Ocean_Emulator_gpudecode/.venv/lib64/python3.12/site-packages/xarray/backends/zarr.py", line 1683, in open_dataset
2026-03-14 22:36:19,513 - INFO - logging -     store = ZarrStore.open_group(
2026-03-14 22:36:19,513 - INFO - logging -   File "/orcd/home/002/codycruz/Ocean_Emulator_gpudecode/.venv/lib64/python3.12/site-packages/xarray/backends/zarr.py", line 722, in open_group
2026-03-14 22:36:19,513 - INFO - logging -     ) = _get_open_params(
2026-03-14 22:36:19,513 - INFO - logging -   File "/orcd/home/002/codycruz/Ocean_Emulator_gpudecode/.venv/lib64/python3.12/site-packages/xarray/backends/zarr.py", line 1896, in _get_open_params
2026-03-14 22:36:19,513 - INFO - logging -     emit_user_level_warning(
2026-03-14 22:36:19,513 - INFO - logging -   File "/orcd/home/002/codycruz/Ocean_Emulator_gpudecode/.venv/lib64/python3.12/site-packages/xarray/core/utils.py", line 1268, in emit_user_level_warning
2026-03-14 22:36:19,513 - INFO - logging -     return warnings.warn(message, category=category, stacklevel=stacklevel)
2026-03-14 22:36:19,513 - INFO - logging -   File "/usr/lib64/python3.12/warnings.py", line 110, in _showwarnmsg
2026-03-14 22:36:19,513 - INFO - logging -     sw(msg.message, msg.category, msg.filename, msg.lineno,
2026-03-14 22:36:19,513 - INFO - logging - =====================

[2026-03-14T22:36:26.852] error: *** JOB 10550804 ON node2905 CANCELLED AT 2026-03-14T22:36:26 DUE to SIGNAL Terminated ***
forwarding TERM to training process 1799646
W0314 22:36:26.852000 1799649 .venv/lib/python3.12/site-packages/torch/distributed/elastic/agent/server/api.py:725] Received 15 death signal, shutting down workers
W0314 22:36:26.853000 1799649 .venv/lib/python3.12/site-packages/torch/distributed/elastic/multiprocessing/api.py:908] Sending process 1799681 closing signal SIGTERM
