warning: The `extra-build-dependencies` option is experimental and may change without warning. Pass `--preview-features extra-build-dependencies` to disable this warning.
Resolved 312 packages in 13ms
Uninstalled 8 packages in 4.36s
 - cuda-pathfinder==1.4.2
 - cupy-cuda12x==14.0.1
 - flash-attn==2.8.3
 - flash-perceiver==0.2.0
 - kvikio-cu12==26.2.0
 - libkvikio-cu12==26.2.0
 - nvidia-libnvcomp-cu12==5.1.0.21
 - nvidia-nvcomp-cu12==5.1.0.21
======== train ocean_emulator samudra w/ 3 gpus on LLC4320 data ========
training for 3 total epochs and saving checkpoints every 1
using 0 data workers and false pin memory
warning: The `extra-build-dependencies` option is experimental and may change without warning. Pass `--preview-features extra-build-dependencies` to disable this warning.
2026-03-14 22:30:58,221 - INFO - backend - auto backend detected CUDA
2026-03-14 22:30:58,224 - INFO - backend - auto backend detected CUDA
2026-03-14 22:30:58,303 - INFO - backend - auto backend detected CUDA
node2905:1797828:1797828 [0] NCCL INFO Bootstrap: Using ib0:172.16.29.5<0>
node2905:1797828:1797828 [0] NCCL INFO cudaDriverVersion 13010
node2905:1797828:1797828 [0] NCCL INFO NCCL version 2.27.5+cuda12.9
node2905:1797828:1797828 [0] NCCL INFO Comm config Blocking set to 1
node2905:1797830:1797830 [2] NCCL INFO cudaDriverVersion 13010
node2905:1797830:1797830 [2] NCCL INFO Bootstrap: Using ib0:172.16.29.5<0>
node2905:1797830:1797830 [2] NCCL INFO NCCL version 2.27.5+cuda12.9
node2905:1797829:1797829 [1] NCCL INFO cudaDriverVersion 13010
node2905:1797829:1797829 [1] NCCL INFO Bootstrap: Using ib0:172.16.29.5<0>
node2905:1797829:1797829 [1] NCCL INFO NCCL version 2.27.5+cuda12.9
node2905:1797830:1797830 [2] NCCL INFO Comm config Blocking set to 1
node2905:1797829:1797829 [1] NCCL INFO Comm config Blocking set to 1
node2905:1797829:1797905 [1] NCCL INFO NET/Plugin: Could not find: libnccl-net.so. 
node2905:1797828:1797903 [0] NCCL INFO NET/Plugin: Could not find: libnccl-net.so. 
node2905:1797830:1797904 [2] NCCL INFO NET/Plugin: Could not find: libnccl-net.so. 
node2905:1797829:1797905 [1] NCCL INFO NET/IB : Using [0]mlx5_0:1/IB [1]mlx5_1:1/IB [2]mlx5_2:1/IB [3]mlx5_3:1/IB [RO]; OOB ib0:172.16.29.5<0>
node2905:1797829:1797905 [1] NCCL INFO Initialized NET plugin IB
node2905:1797829:1797905 [1] NCCL INFO Assigned NET plugin IB to comm
node2905:1797829:1797905 [1] NCCL INFO Using network IB
node2905:1797830:1797904 [2] NCCL INFO NET/IB : Using [0]mlx5_0:1/IB [1]mlx5_1:1/IB [2]mlx5_2:1/IB [3]mlx5_3:1/IB [RO]; OOB ib0:172.16.29.5<0>
node2905:1797830:1797904 [2] NCCL INFO Initialized NET plugin IB
node2905:1797830:1797904 [2] NCCL INFO Assigned NET plugin IB to comm
node2905:1797830:1797904 [2] NCCL INFO Using network IB
node2905:1797828:1797903 [0] NCCL INFO NET/IB : Using [0]mlx5_0:1/IB [1]mlx5_1:1/IB [2]mlx5_2:1/IB [3]mlx5_3:1/IB [RO]; OOB ib0:172.16.29.5<0>
node2905:1797828:1797903 [0] NCCL INFO Initialized NET plugin IB
node2905:1797828:1797903 [0] NCCL INFO Assigned NET plugin IB to comm
node2905:1797828:1797903 [0] NCCL INFO Using network IB
node2905:1797829:1797905 [1] NCCL INFO DMA-BUF is available on GPU device 1
node2905:1797829:1797905 [1] NCCL INFO ncclCommInitRankConfig comm 0x5638e1f48f30 rank 1 nranks 3 cudaDev 1 nvmlDev 1 busId d2000 commId 0x3e44694aef992479 - Init START
node2905:1797830:1797904 [2] NCCL INFO DMA-BUF is available on GPU device 2
node2905:1797830:1797904 [2] NCCL INFO ncclCommInitRankConfig comm 0x559bd60c2090 rank 2 nranks 3 cudaDev 2 nvmlDev 2 busId e4000 commId 0x3e44694aef992479 - Init START
node2905:1797828:1797903 [0] NCCL INFO DMA-BUF is available on GPU device 0
node2905:1797828:1797903 [0] NCCL INFO ncclCommInitRankConfig comm 0x55f2b80d8fe0 rank 0 nranks 3 cudaDev 0 nvmlDev 0 busId 55000 commId 0x3e44694aef992479 - Init START
node2905:1797830:1797904 [2] NCCL INFO RAS client listening socket at ::1<28028>
node2905:1797828:1797903 [0] NCCL INFO RAS client listening socket at ::1<28028>
node2905:1797829:1797905 [1] NCCL INFO RAS client listening socket at ::1<28028>
node2905:1797829:1797905 [1] NCCL INFO Bootstrap timings total 0.060974 (create 0.000019, send 0.000056, recv 0.055327, ring 0.000019, delay 0.000000)
node2905:1797828:1797903 [0] NCCL INFO Bootstrap timings total 0.000485 (create 0.000015, send 0.000054, recv 0.000045, ring 0.000029, delay 0.000000)
node2905:1797830:1797904 [2] NCCL INFO Bootstrap timings total 0.006399 (create 0.000015, send 0.000061, recv 0.005931, ring 0.000028, delay 0.000000)
node2905:1797830:1797904 [2] NCCL INFO Setting affinity for GPU 2 to 1,3,5,7,9,11,13,15,17,19,21,23,25,27,29,31,33,35,43,45,47,49,65,67,69,71,73,75,77,79,81,83,85,87,89,91,93,95,97,99,107,109,111,113
node2905:1797830:1797904 [2] NCCL INFO NVLS multicast support is not available on dev 2 (NVLS_NCHANNELS 0)
node2905:1797829:1797905 [1] NCCL INFO Setting affinity for GPU 1 to 1,3,5,7,9,11,13,15,17,19,21,23,25,27,29,31,33,35,43,45,47,49,65,67,69,71,73,75,77,79,81,83,85,87,89,91,93,95,97,99,107,109,111,113
node2905:1797828:1797903 [0] NCCL INFO Setting affinity for GPU 0 to 2,4,6,8,10,12,14,16,18,20,22,24,26,28,30,32,34,36,66,68,70,72,74,76,78,80,82,84,86,88,90,92,94,96,98,100
node2905:1797829:1797905 [1] NCCL INFO NVLS multicast support is not available on dev 1 (NVLS_NCHANNELS 0)
node2905:1797828:1797903 [0] NCCL INFO NVLS multicast support is not available on dev 0 (NVLS_NCHANNELS 0)
node2905:1797830:1797904 [2] NCCL INFO comm 0x559bd60c2090 rank 2 nRanks 3 nNodes 1 localRanks 3 localRank 2 MNNVL 0
node2905:1797829:1797905 [1] NCCL INFO comm 0x5638e1f48f30 rank 1 nRanks 3 nNodes 1 localRanks 3 localRank 1 MNNVL 0
node2905:1797828:1797903 [0] NCCL INFO comm 0x55f2b80d8fe0 rank 0 nRanks 3 nNodes 1 localRanks 3 localRank 0 MNNVL 0
node2905:1797828:1797903 [0] NCCL INFO Channel 00/16 : 0 1 2
node2905:1797830:1797904 [2] NCCL INFO Trees [0] -1/-1/-1->2->1 [1] -1/-1/-1->2->1 [2] 1/-1/-1->2->0 [3] 1/-1/-1->2->0 [4] 0/-1/-1->2->1 [5] -1/-1/-1->2->0 [6] 0/-1/-1->2->-1 [7] 1/-1/-1->2->-1 [8] -1/-1/-1->2->1 [9] -1/-1/-1->2->1 [10] 1/-1/-1->2->0 [11] 1/-1/-1->2->0 [12] 0/-1/-1->2->1 [13] -1/-1/-1->2->0 [14] 0/-1/-1->2->-1 [15] 1/-1/-1->2->-1
node2905:1797828:1797903 [0] NCCL INFO Channel 01/16 : 0 1 2
node2905:1797829:1797905 [1] NCCL INFO Trees [0] 2/-1/-1->1->0 [1] 2/-1/-1->1->0 [2] -1/-1/-1->1->2 [3] -1/-1/-1->1->2 [4] 2/-1/-1->1->-1 [5] 0/-1/-1->1->-1 [6] -1/-1/-1->1->0 [7] 0/-1/-1->1->2 [8] 2/-1/-1->1->0 [9] 2/-1/-1->1->0 [10] -1/-1/-1->1->2 [11] -1/-1/-1->1->2 [12] 2/-1/-1->1->-1 [13] 0/-1/-1->1->-1 [14] -1/-1/-1->1->0 [15] 0/-1/-1->1->2
node2905:1797830:1797904 [2] NCCL INFO P2P Chunksize set to 524288
node2905:1797829:1797905 [1] NCCL INFO P2P Chunksize set to 524288
node2905:1797828:1797903 [0] NCCL INFO Channel 02/16 : 0 2 1
node2905:1797828:1797903 [0] NCCL INFO Channel 03/16 : 0 2 1
node2905:1797828:1797903 [0] NCCL INFO Channel 04/16 : 0 1 2
node2905:1797828:1797903 [0] NCCL INFO Channel 05/16 : 0 1 2
node2905:1797828:1797903 [0] NCCL INFO Channel 06/16 : 0 2 1
node2905:1797828:1797903 [0] NCCL INFO Channel 07/16 : 0 2 1
node2905:1797828:1797903 [0] NCCL INFO Channel 08/16 : 0 1 2
node2905:1797828:1797903 [0] NCCL INFO Channel 09/16 : 0 1 2
node2905:1797828:1797903 [0] NCCL INFO Channel 10/16 : 0 2 1
node2905:1797828:1797903 [0] NCCL INFO Channel 11/16 : 0 2 1
node2905:1797828:1797903 [0] NCCL INFO Channel 12/16 : 0 1 2
node2905:1797828:1797903 [0] NCCL INFO Channel 13/16 : 0 1 2
node2905:1797828:1797903 [0] NCCL INFO Channel 14/16 : 0 2 1
node2905:1797828:1797903 [0] NCCL INFO Channel 15/16 : 0 2 1
node2905:1797828:1797903 [0] NCCL INFO Trees [0] 1/-1/-1->0->-1 [1] 1/-1/-1->0->-1 [2] 2/-1/-1->0->-1 [3] 2/-1/-1->0->-1 [4] -1/-1/-1->0->2 [5] 2/-1/-1->0->1 [6] 1/-1/-1->0->2 [7] -1/-1/-1->0->1 [8] 1/-1/-1->0->-1 [9] 1/-1/-1->0->-1 [10] 2/-1/-1->0->-1 [11] 2/-1/-1->0->-1 [12] -1/-1/-1->0->2 [13] 2/-1/-1->0->1 [14] 1/-1/-1->0->2 [15] -1/-1/-1->0->1
node2905:1797828:1797903 [0] NCCL INFO P2P Chunksize set to 524288
node2905:1797829:1797905 [1] NCCL INFO PROFILER/Plugin: Could not find: libnccl-profiler.so. 
node2905:1797829:1797921 [1] NCCL INFO [Proxy Service] Device 1 CPU core 33
node2905:1797829:1797922 [1] NCCL INFO [Proxy Service UDS] Device 1 CPU core 35
node2905:1797830:1797904 [2] NCCL INFO PROFILER/Plugin: Could not find: libnccl-profiler.so. 
node2905:1797828:1797903 [0] NCCL INFO PROFILER/Plugin: Could not find: libnccl-profiler.so. 
node2905:1797828:1797903 [0] NCCL INFO Check P2P Type isAllDirectP2p 1 directMode 0
node2905:1797830:1797923 [2] NCCL INFO [Proxy Service] Device 2 CPU core 45
node2905:1797828:1797924 [0] NCCL INFO [Proxy Service] Device 0 CPU core 72
node2905:1797830:1797925 [2] NCCL INFO [Proxy Service UDS] Device 2 CPU core 111
node2905:1797828:1797926 [0] NCCL INFO [Proxy Service UDS] Device 0 CPU core 10
node2905:1797829:1797905 [1] NCCL INFO threadThresholds 8/8/64 | 24/8/64 | 512 | 512
node2905:1797829:1797905 [1] NCCL INFO 16 coll channels, 16 collnet channels, 0 nvls channels, 16 p2p channels, 16 p2p channels per peer
node2905:1797830:1797904 [2] NCCL INFO threadThresholds 8/8/64 | 24/8/64 | 512 | 512
node2905:1797830:1797904 [2] NCCL INFO 16 coll channels, 16 collnet channels, 0 nvls channels, 16 p2p channels, 16 p2p channels per peer
node2905:1797828:1797903 [0] NCCL INFO threadThresholds 8/8/64 | 24/8/64 | 512 | 512
node2905:1797828:1797903 [0] NCCL INFO 16 coll channels, 16 collnet channels, 0 nvls channels, 16 p2p channels, 16 p2p channels per peer
node2905:1797828:1797903 [0] NCCL INFO CC Off, workFifoBytes 1048576
node2905:1797829:1797905 [1] NCCL INFO TUNER/Plugin: Could not find: libnccl-tuner.so. Using internal tuner plugin.
node2905:1797829:1797905 [1] NCCL INFO ncclCommInitRankConfig comm 0x5638e1f48f30 rank 1 nranks 3 cudaDev 1 nvmlDev 1 busId d2000 commId 0x3e44694aef992479 - Init COMPLETE
node2905:1797829:1797905 [1] NCCL INFO Init timings - ncclCommInitRankConfig: rank 1 nranks 3 total 0.95 (kernels 0.30, alloc 0.55, bootstrap 0.06, allgathers 0.00, topo 0.02, graphs 0.00, connections 0.01, rest 0.01)
node2905:1797830:1797904 [2] NCCL INFO TUNER/Plugin: Could not find: libnccl-tuner.so. Using internal tuner plugin.
node2905:1797828:1797903 [0] NCCL INFO TUNER/Plugin: Could not find: libnccl-tuner.so. Using internal tuner plugin.
node2905:1797830:1797904 [2] NCCL INFO ncclCommInitRankConfig comm 0x559bd60c2090 rank 2 nranks 3 cudaDev 2 nvmlDev 2 busId e4000 commId 0x3e44694aef992479 - Init COMPLETE
node2905:1797828:1797903 [0] NCCL INFO ncclCommInitRankConfig comm 0x55f2b80d8fe0 rank 0 nranks 3 cudaDev 0 nvmlDev 0 busId 55000 commId 0x3e44694aef992479 - Init COMPLETE
node2905:1797830:1797904 [2] NCCL INFO Init timings - ncclCommInitRankConfig: rank 2 nranks 3 total 0.95 (kernels 0.30, alloc 0.60, bootstrap 0.01, allgathers 0.00, topo 0.02, graphs 0.00, connections 0.01, rest 0.02)
node2905:1797828:1797903 [0] NCCL INFO Init timings - ncclCommInitRankConfig: rank 0 nranks 3 total 0.99 (kernels 0.34, alloc 0.61, bootstrap 0.00, allgathers 0.00, topo 0.02, graphs 0.00, connections 0.01, rest 0.01)
[W314 22:30:59.215383201 Utils.hpp:137] Warning: Environment variable TORCH_NCCL_TRACE_BUFFER_SIZE is deprecated; use TORCH_FR_BUFFER_SIZE instead (function operator())
[W314 22:30:59.215809708 Utils.hpp:137] Warning: Environment variable TORCH_NCCL_TRACE_BUFFER_SIZE is deprecated; use TORCH_FR_BUFFER_SIZE instead (function operator())
2026-03-14 22:30:59,872 - INFO - distributed - | distributed init (rank 1), gpu 1, world_size 3, dist_url env://
2026-03-14 22:30:59,873 - INFO - distributed - | distributed init (rank 2), gpu 2, world_size 3, dist_url env://
[W314 22:30:59.229653238 Utils.hpp:137] Warning: Environment variable TORCH_NCCL_TRACE_BUFFER_SIZE is deprecated; use TORCH_FR_BUFFER_SIZE instead (function operator())
2026-03-14 22:30:59,881 - INFO - distributed - | distributed init (rank 0), gpu 0, world_size 3, dist_url env://
node2905:1797830:1797927 [2] NCCL INFO Channel 00/0 : 2[2] -> 0[0] via P2P/CUMEM
node2905:1797830:1797927 [2] NCCL INFO Channel 01/0 : 2[2] -> 0[0] via P2P/CUMEM
node2905:1797830:1797927 [2] NCCL INFO Channel 04/0 : 2[2] -> 0[0] via P2P/CUMEM
node2905:1797829:1797928 [1] NCCL INFO Channel 00/0 : 1[1] -> 2[2] via P2P/CUMEM
node2905:1797828:1797929 [0] NCCL INFO Channel 00/0 : 0[0] -> 1[1] via P2P/CUMEM
node2905:1797828:1797929 [0] NCCL INFO Channel 01/0 : 0[0] -> 1[1] via P2P/CUMEM
node2905:1797830:1797927 [2] NCCL INFO Channel 05/0 : 2[2] -> 0[0] via P2P/CUMEM
node2905:1797829:1797928 [1] NCCL INFO Channel 01/0 : 1[1] -> 2[2] via P2P/CUMEM
node2905:1797829:1797928 [1] NCCL INFO Channel 04/0 : 1[1] -> 2[2] via P2P/CUMEM
node2905:1797830:1797927 [2] NCCL INFO Channel 08/0 : 2[2] -> 0[0] via P2P/CUMEM
node2905:1797828:1797929 [0] NCCL INFO Channel 04/0 : 0[0] -> 1[1] via P2P/CUMEM
node2905:1797828:1797929 [0] NCCL INFO Channel 05/0 : 0[0] -> 1[1] via P2P/CUMEM
node2905:1797830:1797927 [2] NCCL INFO Channel 09/0 : 2[2] -> 0[0] via P2P/CUMEM
node2905:1797829:1797928 [1] NCCL INFO Channel 05/0 : 1[1] -> 2[2] via P2P/CUMEM
node2905:1797829:1797928 [1] NCCL INFO Channel 08/0 : 1[1] -> 2[2] via P2P/CUMEM
node2905:1797830:1797927 [2] NCCL INFO Channel 12/0 : 2[2] -> 0[0] via P2P/CUMEM
node2905:1797828:1797929 [0] NCCL INFO Channel 08/0 : 0[0] -> 1[1] via P2P/CUMEM
node2905:1797830:1797927 [2] NCCL INFO Channel 13/0 : 2[2] -> 0[0] via P2P/CUMEM
node2905:1797828:1797929 [0] NCCL INFO Channel 09/0 : 0[0] -> 1[1] via P2P/CUMEM
node2905:1797829:1797928 [1] NCCL INFO Channel 09/0 : 1[1] -> 2[2] via P2P/CUMEM
node2905:1797828:1797929 [0] NCCL INFO Channel 12/0 : 0[0] -> 1[1] via P2P/CUMEM
node2905:1797829:1797928 [1] NCCL INFO Channel 12/0 : 1[1] -> 2[2] via P2P/CUMEM
node2905:1797829:1797928 [1] NCCL INFO Channel 13/0 : 1[1] -> 2[2] via P2P/CUMEM
node2905:1797828:1797929 [0] NCCL INFO Channel 13/0 : 0[0] -> 1[1] via P2P/CUMEM
node2905:1797829:1797928 [1] NCCL INFO Channel 02/0 : 1[1] -> 0[0] via P2P/CUMEM
node2905:1797830:1797927 [2] NCCL INFO Channel 02/0 : 2[2] -> 1[1] via P2P/CUMEM
node2905:1797828:1797929 [0] NCCL INFO Channel 02/0 : 0[0] -> 2[2] via P2P/CUMEM
node2905:1797829:1797928 [1] NCCL INFO Channel 03/0 : 1[1] -> 0[0] via P2P/CUMEM
node2905:1797830:1797927 [2] NCCL INFO Channel 03/0 : 2[2] -> 1[1] via P2P/CUMEM
node2905:1797828:1797929 [0] NCCL INFO Channel 03/0 : 0[0] -> 2[2] via P2P/CUMEM
node2905:1797828:1797929 [0] NCCL INFO Channel 06/0 : 0[0] -> 2[2] via P2P/CUMEM
node2905:1797829:1797928 [1] NCCL INFO Channel 06/0 : 1[1] -> 0[0] via P2P/CUMEM
node2905:1797830:1797927 [2] NCCL INFO Channel 06/0 : 2[2] -> 1[1] via P2P/CUMEM
node2905:1797828:1797929 [0] NCCL INFO Channel 07/0 : 0[0] -> 2[2] via P2P/CUMEM
node2905:1797829:1797928 [1] NCCL INFO Channel 07/0 : 1[1] -> 0[0] via P2P/CUMEM
node2905:1797830:1797927 [2] NCCL INFO Channel 07/0 : 2[2] -> 1[1] via P2P/CUMEM
node2905:1797830:1797927 [2] NCCL INFO Channel 10/0 : 2[2] -> 1[1] via P2P/CUMEM
node2905:1797829:1797928 [1] NCCL INFO Channel 10/0 : 1[1] -> 0[0] via P2P/CUMEM
node2905:1797828:1797929 [0] NCCL INFO Channel 10/0 : 0[0] -> 2[2] via P2P/CUMEM
node2905:1797830:1797927 [2] NCCL INFO Channel 11/0 : 2[2] -> 1[1] via P2P/CUMEM
node2905:1797829:1797928 [1] NCCL INFO Channel 11/0 : 1[1] -> 0[0] via P2P/CUMEM
node2905:1797828:1797929 [0] NCCL INFO Channel 11/0 : 0[0] -> 2[2] via P2P/CUMEM
node2905:1797830:1797927 [2] NCCL INFO Channel 14/0 : 2[2] -> 1[1] via P2P/CUMEM
node2905:1797829:1797928 [1] NCCL INFO Channel 14/0 : 1[1] -> 0[0] via P2P/CUMEM
node2905:1797828:1797929 [0] NCCL INFO Channel 14/0 : 0[0] -> 2[2] via P2P/CUMEM
node2905:1797830:1797927 [2] NCCL INFO Channel 15/0 : 2[2] -> 1[1] via P2P/CUMEM
node2905:1797829:1797928 [1] NCCL INFO Channel 15/0 : 1[1] -> 0[0] via P2P/CUMEM
node2905:1797828:1797929 [0] NCCL INFO Channel 15/0 : 0[0] -> 2[2] via P2P/CUMEM
node2905:1797830:1797927 [2] NCCL INFO Connected all rings, use ring PXN 0 GDR 1
node2905:1797829:1797928 [1] NCCL INFO Connected all rings, use ring PXN 0 GDR 1
node2905:1797828:1797929 [0] NCCL INFO Connected all rings, use ring PXN 0 GDR 1
2026-03-14 22:31:00,175 - INFO - backend - succeeded in initializing distributed mode
2026-03-14 22:31:00,183 - WARNING - location - kvikio is not installed; falling back to standard zarr reads for /orcd/data/abodner/003/LLC4320/LLC4320
2026-03-14 22:31:00,190 - WARNING - location - kvikio is not installed; falling back to standard zarr reads for /orcd/data/abodner/003/LLC4320/LLC4320
2026-03-14 22:31:00,192 - INFO - train - Prognostic variables: U_0, U_1, U_2, U_3, U_4, U_5, U_6, U_7, U_8, U_9, U_10, U_11, U_12, U_13, U_14, U_15, U_16, U_17, U_18, V_0, V_1, V_2, V_3, V_4, V_5, V_6, V_7, V_8, V_9, V_10, V_11, V_12, V_13, V_14, V_15, V_16, V_17, V_18, Theta_0, Theta_1, Theta_2, Theta_3, Theta_4, Theta_5, Theta_6, Theta_7, Theta_8, Theta_9, Theta_10, Theta_11, Theta_12, Theta_13, Theta_14, Theta_15, Theta_16, Theta_17, Theta_18, Salt_0, Salt_1, Salt_2, Salt_3, Salt_4, Salt_5, Salt_6, Salt_7, Salt_8, Salt_9, Salt_10, Salt_11, Salt_12, Salt_13, Salt_14, Salt_15, Salt_16, Salt_17, Salt_18, Eta
2026-03-14 22:31:00,192 - INFO - train - Boundary variables: oceTAUX, oceTAUY, oceQnet, Eta
2026-03-14 22:31:00,192 - INFO - train - Levels: 19
2026-03-14 22:31:00,192 - WARNING - location - kvikio is not installed; falling back to standard zarr reads for /orcd/data/abodner/003/LLC4320/LLC4320
[rank2]: Traceback (most recent call last):
[rank2]:   File "/orcd/home/002/codycruz/Ocean_Emulator_gpudecode/src/ocean_emulators/utils/location.py", line 74, in _open_with_optional_gpu_decode
[rank2]:     return open_dataset()
[rank2]:            ^^^^^^^^^^^^^^
[rank2]:   File "/orcd/home/002/codycruz/Ocean_Emulator_gpudecode/src/ocean_emulators/utils/location.py", line 237, in <lambda>
[rank2]:     open_dataset=lambda: xr.open_dataset(
[rank2]:                          ^^^^^^^^^^^^^^^^
[rank2]:   File "/orcd/home/002/codycruz/Ocean_Emulator_gpudecode/.venv/lib64/python3.12/site-packages/xarray/backends/api.py", line 607, in open_dataset
[rank2]:     backend_ds = backend.open_dataset(
[rank2]:                  ^^^^^^^^^^^^^^^^^^^^^
[rank2]:   File "/orcd/home/002/codycruz/Ocean_Emulator_gpudecode/.venv/lib64/python3.12/site-packages/xarray/backends/zarr.py", line 1683, in open_dataset
[rank2]:     store = ZarrStore.open_group(
[rank2]:             ^^^^^^^^^^^^^^^^^^^^^
[rank2]:   File "/orcd/home/002/codycruz/Ocean_Emulator_gpudecode/.venv/lib64/python3.12/site-packages/xarray/backends/zarr.py", line 722, in open_group
[rank2]:     ) = _get_open_params(
[rank2]:         ^^^^^^^^^^^^^^^^^
[rank2]:   File "/orcd/home/002/codycruz/Ocean_Emulator_gpudecode/.venv/lib64/python3.12/site-packages/xarray/backends/zarr.py", line 1891, in _get_open_params
[rank2]:     zarr_root_group = zarr.open_consolidated(store, **open_kwargs)
[rank2]:                       ^^^^^^^^^^^^^^^^^^^^^^^^^^^^^^^^^^^^^^^^^^^^
[rank2]:   File "/orcd/home/002/codycruz/Ocean_Emulator_gpudecode/.venv/lib64/python3.12/site-packages/zarr/api/synchronous.py", line 238, in open_consolidated
[rank2]:     sync(async_api.open_consolidated(*args, use_consolidated=use_consolidated, **kwargs))
[rank2]:   File "/orcd/home/002/codycruz/Ocean_Emulator_gpudecode/.venv/lib64/python3.12/site-packages/zarr/core/sync.py", line 159, in sync
[rank2]:     raise return_result
[rank2]:   File "/orcd/home/002/codycruz/Ocean_Emulator_gpudecode/.venv/lib64/python3.12/site-packages/zarr/core/sync.py", line 119, in _runner
[rank2]:     return await coro
[rank2]:            ^^^^^^^^^^
[rank2]:   File "/orcd/home/002/codycruz/Ocean_Emulator_gpudecode/.venv/lib64/python3.12/site-packages/zarr/api/asynchronous.py", line 415, in open_consolidated
[rank2]:     return await open_group(*args, use_consolidated=use_consolidated, **kwargs)
[rank2]:            ^^^^^^^^^^^^^^^^^^^^^^^^^^^^^^^^^^^^^^^^^^^^^^^^^^^^^^^^^^^^^^^^^^^^
[rank2]:   File "/orcd/home/002/codycruz/Ocean_Emulator_gpudecode/.venv/lib64/python3.12/site-packages/zarr/api/asynchronous.py", line 866, in open_group
[rank2]:     return await AsyncGroup.open(
[rank2]:            ^^^^^^^^^^^^^^^^^^^^^^
[rank2]:   File "/orcd/home/002/codycruz/Ocean_Emulator_gpudecode/.venv/lib64/python3.12/site-packages/zarr/core/group.py", line 570, in open
[rank2]:     ) = await asyncio.gather(
[rank2]:         ^^^^^^^^^^^^^^^^^^^^^
[rank2]:   File "/orcd/home/002/codycruz/Ocean_Emulator_gpudecode/.venv/lib64/python3.12/site-packages/zarr/storage/_common.py", line 168, in get
[rank2]:     return await self.store.get(self.path, prototype=prototype, byte_range=byte_range)
[rank2]:            ^^^^^^^^^^^^^^^^^^^^^^^^^^^^^^^^^^^^^^^^^^^^^^^^^^^^^^^^^^^^^^^^^^^^^^^^^^^
[rank2]:   File "/orcd/home/002/codycruz/Ocean_Emulator_gpudecode/.venv/lib64/python3.12/site-packages/zarr/storage/_local.py", line 205, in get
[rank2]:     return await asyncio.to_thread(_get, path, prototype, byte_range)
[rank2]:            ^^^^^^^^^^^^^^^^^^^^^^^^^^^^^^^^^^^^^^^^^^^^^^^^^^^^^^^^^^
[rank2]:   File "/usr/lib64/python3.12/asyncio/threads.py", line 25, in to_thread
[rank2]:     return await loop.run_in_executor(None, func_call)
[rank2]:            ^^^^^^^^^^^^^^^^^^^^^^^^^^^^^^^^^^^^^^^^^^^
[rank2]:   File "/usr/lib64/python3.12/concurrent/futures/thread.py", line 58, in run
[rank2]:     result = self.fn(*self.args, **self.kwargs)
[rank2]:              ^^^^^^^^^^^^^^^^^^^^^^^^^^^^^^^^^^
[rank2]:   File "/orcd/home/002/codycruz/Ocean_Emulator_gpudecode/.venv/lib64/python3.12/site-packages/zarr/storage/_local.py", line 32, in _get
[rank2]:     return prototype.buffer.from_bytes(path.read_bytes())
[rank2]:            ^^^^^^^^^^^^^^^^^^^^^^^^^^^^^^^^^^^^^^^^^^^^^^
[rank2]:   File "/orcd/home/002/codycruz/Ocean_Emulator_gpudecode/.venv/lib64/python3.12/site-packages/zarr/core/buffer/gpu.py", line 105, in from_bytes
[rank2]:     return cls.from_array_like(cp.frombuffer(bytes_like, dtype="B"))
[rank2]:                                ^^^^^^^^^^^^^
[rank2]: AttributeError: 'NoneType' object has no attribute 'frombuffer'

[rank2]: The above exception was the direct cause of the following exception:

[rank2]: Traceback (most recent call last):
[rank2]:   File "<frozen runpy>", line 198, in _run_module_as_main
[rank2]:   File "<frozen runpy>", line 88, in _run_code
[rank2]:   File "/orcd/home/002/codycruz/Ocean_Emulator_gpudecode/src/ocean_emulators/train.py", line 1089, in <module>
[rank2]:     main()
[rank2]:   File "/orcd/home/002/codycruz/Ocean_Emulator_gpudecode/src/ocean_emulators/train.py", line 1079, in main
[rank2]:     trainer = Trainer(cfg)
[rank2]:               ^^^^^^^^^^^^
[rank2]:   File "/orcd/home/002/codycruz/Ocean_Emulator_gpudecode/src/ocean_emulators/train.py", line 132, in __init__
[rank2]:     self.data_container = cfg.data.build(
[rank2]:                           ^^^^^^^^^^^^^^^
[rank2]:   File "/orcd/home/002/codycruz/Ocean_Emulator_gpudecode/src/ocean_emulators/config.py", line 214, in build
[rank2]:     src, fork = make_source(
[rank2]:                 ^^^^^^^^^^^^
[rank2]:   File "/orcd/home/002/codycruz/Ocean_Emulator_gpudecode/src/ocean_emulators/config.py", line 191, in make_source
[rank2]:     data_source = DataSource.from_locations(
[rank2]:                   ^^^^^^^^^^^^^^^^^^^^^^^^^^
[rank2]:   File "/orcd/home/002/codycruz/Ocean_Emulator_gpudecode/src/ocean_emulators/utils/data.py", line 454, in from_locations
[rank2]:     data = data_location.open(chunks, use_gpu_zarr_decode=zarr_gpu_decode)
[rank2]:            ^^^^^^^^^^^^^^^^^^^^^^^^^^^^^^^^^^^^^^^^^^^^^^^^^^^^^^^^^^^^^^^
[rank2]:   File "/orcd/home/002/codycruz/Ocean_Emulator_gpudecode/src/ocean_emulators/utils/location.py", line 234, in open
[rank2]:     return _open_with_optional_gpu_decode(
[rank2]:            ^^^^^^^^^^^^^^^^^^^^^^^^^^^^^^^
[rank2]:   File "/orcd/home/002/codycruz/Ocean_Emulator_gpudecode/src/ocean_emulators/utils/location.py", line 79, in _open_with_optional_gpu_decode
[rank2]:     raise RuntimeError(
[rank2]: RuntimeError: GPU zarr decode failed while opening /orcd/data/abodner/003/LLC4320/LLC4320 with xarray. This usually means xarray/zarr GPU-buffer integration is incompatible with the current store or environment. Set data.zarr_gpu_decode=false to continue on the CPU path.
[rank1]: Traceback (most recent call last):
[rank1]:   File "/orcd/home/002/codycruz/Ocean_Emulator_gpudecode/src/ocean_emulators/utils/location.py", line 74, in _open_with_optional_gpu_decode
[rank1]:     return open_dataset()
[rank1]:            ^^^^^^^^^^^^^^
[rank1]:   File "/orcd/home/002/codycruz/Ocean_Emulator_gpudecode/src/ocean_emulators/utils/location.py", line 237, in <lambda>
[rank1]:     open_dataset=lambda: xr.open_dataset(
[rank1]:                          ^^^^^^^^^^^^^^^^
[rank1]:   File "/orcd/home/002/codycruz/Ocean_Emulator_gpudecode/.venv/lib64/python3.12/site-packages/xarray/backends/api.py", line 607, in open_dataset
[rank1]:     backend_ds = backend.open_dataset(
[rank1]:                  ^^^^^^^^^^^^^^^^^^^^^
[rank1]:   File "/orcd/home/002/codycruz/Ocean_Emulator_gpudecode/.venv/lib64/python3.12/site-packages/xarray/backends/zarr.py", line 1683, in open_dataset
[rank1]:     store = ZarrStore.open_group(
[rank1]:             ^^^^^^^^^^^^^^^^^^^^^
[rank1]:   File "/orcd/home/002/codycruz/Ocean_Emulator_gpudecode/.venv/lib64/python3.12/site-packages/xarray/backends/zarr.py", line 722, in open_group
[rank1]:     ) = _get_open_params(
[rank1]:         ^^^^^^^^^^^^^^^^^
[rank1]:   File "/orcd/home/002/codycruz/Ocean_Emulator_gpudecode/.venv/lib64/python3.12/site-packages/xarray/backends/zarr.py", line 1891, in _get_open_params
[rank1]:     zarr_root_group = zarr.open_consolidated(store, **open_kwargs)
[rank1]:                       ^^^^^^^^^^^^^^^^^^^^^^^^^^^^^^^^^^^^^^^^^^^^
[rank1]:   File "/orcd/home/002/codycruz/Ocean_Emulator_gpudecode/.venv/lib64/python3.12/site-packages/zarr/api/synchronous.py", line 238, in open_consolidated
[rank1]:     sync(async_api.open_consolidated(*args, use_consolidated=use_consolidated, **kwargs))
[rank1]:   File "/orcd/home/002/codycruz/Ocean_Emulator_gpudecode/.venv/lib64/python3.12/site-packages/zarr/core/sync.py", line 159, in sync
[rank1]:     raise return_result
[rank1]:   File "/orcd/home/002/codycruz/Ocean_Emulator_gpudecode/.venv/lib64/python3.12/site-packages/zarr/core/sync.py", line 119, in _runner
[rank1]:     return await coro
[rank1]:            ^^^^^^^^^^
[rank1]:   File "/orcd/home/002/codycruz/Ocean_Emulator_gpudecode/.venv/lib64/python3.12/site-packages/zarr/api/asynchronous.py", line 415, in open_consolidated
[rank1]:     return await open_group(*args, use_consolidated=use_consolidated, **kwargs)
[rank1]:            ^^^^^^^^^^^^^^^^^^^^^^^^^^^^^^^^^^^^^^^^^^^^^^^^^^^^^^^^^^^^^^^^^^^^
[rank1]:   File "/orcd/home/002/codycruz/Ocean_Emulator_gpudecode/.venv/lib64/python3.12/site-packages/zarr/api/asynchronous.py", line 866, in open_group
[rank1]:     return await AsyncGroup.open(
[rank1]:            ^^^^^^^^^^^^^^^^^^^^^^
[rank1]:   File "/orcd/home/002/codycruz/Ocean_Emulator_gpudecode/.venv/lib64/python3.12/site-packages/zarr/core/group.py", line 570, in open
[rank1]:     ) = await asyncio.gather(
[rank1]:         ^^^^^^^^^^^^^^^^^^^^^
[rank1]:   File "/orcd/home/002/codycruz/Ocean_Emulator_gpudecode/.venv/lib64/python3.12/site-packages/zarr/storage/_common.py", line 168, in get
[rank1]:     return await self.store.get(self.path, prototype=prototype, byte_range=byte_range)
[rank1]:            ^^^^^^^^^^^^^^^^^^^^^^^^^^^^^^^^^^^^^^^^^^^^^^^^^^^^^^^^^^^^^^^^^^^^^^^^^^^
[rank1]:   File "/orcd/home/002/codycruz/Ocean_Emulator_gpudecode/.venv/lib64/python3.12/site-packages/zarr/storage/_local.py", line 205, in get
[rank1]:     return await asyncio.to_thread(_get, path, prototype, byte_range)
[rank1]:            ^^^^^^^^^^^^^^^^^^^^^^^^^^^^^^^^^^^^^^^^^^^^^^^^^^^^^^^^^^
[rank1]:   File "/usr/lib64/python3.12/asyncio/threads.py", line 25, in to_thread
[rank1]:     return await loop.run_in_executor(None, func_call)
[rank1]:            ^^^^^^^^^^^^^^^^^^^^^^^^^^^^^^^^^^^^^^^^^^^
[rank1]:   File "/usr/lib64/python3.12/concurrent/futures/thread.py", line 58, in run
[rank1]:     result = self.fn(*self.args, **self.kwargs)
[rank1]:              ^^^^^^^^^^^^^^^^^^^^^^^^^^^^^^^^^^
[rank1]:   File "/orcd/home/002/codycruz/Ocean_Emulator_gpudecode/.venv/lib64/python3.12/site-packages/zarr/storage/_local.py", line 32, in _get
[rank1]:     return prototype.buffer.from_bytes(path.read_bytes())
[rank1]:            ^^^^^^^^^^^^^^^^^^^^^^^^^^^^^^^^^^^^^^^^^^^^^^
[rank1]:   File "/orcd/home/002/codycruz/Ocean_Emulator_gpudecode/.venv/lib64/python3.12/site-packages/zarr/core/buffer/gpu.py", line 105, in from_bytes
[rank1]:     return cls.from_array_like(cp.frombuffer(bytes_like, dtype="B"))
[rank1]:                                ^^^^^^^^^^^^^
[rank1]: AttributeError: 'NoneType' object has no attribute 'frombuffer'

[rank1]: The above exception was the direct cause of the following exception:

[rank1]: Traceback (most recent call last):
[rank1]:   File "<frozen runpy>", line 198, in _run_module_as_main
[rank1]:   File "<frozen runpy>", line 88, in _run_code
[rank1]:   File "/orcd/home/002/codycruz/Ocean_Emulator_gpudecode/src/ocean_emulators/train.py", line 1089, in <module>
[rank1]:     main()
[rank1]:   File "/orcd/home/002/codycruz/Ocean_Emulator_gpudecode/src/ocean_emulators/train.py", line 1079, in main
[rank1]:     trainer = Trainer(cfg)
[rank1]:               ^^^^^^^^^^^^
[rank1]:   File "/orcd/home/002/codycruz/Ocean_Emulator_gpudecode/src/ocean_emulators/train.py", line 132, in __init__
[rank1]:     self.data_container = cfg.data.build(
[rank1]:                           ^^^^^^^^^^^^^^^
[rank1]:   File "/orcd/home/002/codycruz/Ocean_Emulator_gpudecode/src/ocean_emulators/config.py", line 214, in build
[rank1]:     src, fork = make_source(
[rank1]:                 ^^^^^^^^^^^^
[rank1]:   File "/orcd/home/002/codycruz/Ocean_Emulator_gpudecode/src/ocean_emulators/config.py", line 191, in make_source
[rank1]:     data_source = DataSource.from_locations(
[rank1]:                   ^^^^^^^^^^^^^^^^^^^^^^^^^^
[rank1]:   File "/orcd/home/002/codycruz/Ocean_Emulator_gpudecode/src/ocean_emulators/utils/data.py", line 454, in from_locations
[rank1]:     data = data_location.open(chunks, use_gpu_zarr_decode=zarr_gpu_decode)
[rank1]:            ^^^^^^^^^^^^^^^^^^^^^^^^^^^^^^^^^^^^^^^^^^^^^^^^^^^^^^^^^^^^^^^
[rank1]:   File "/orcd/home/002/codycruz/Ocean_Emulator_gpudecode/src/ocean_emulators/utils/location.py", line 234, in open
[rank1]:     return _open_with_optional_gpu_decode(
[rank1]:            ^^^^^^^^^^^^^^^^^^^^^^^^^^^^^^^
[rank1]:   File "/orcd/home/002/codycruz/Ocean_Emulator_gpudecode/src/ocean_emulators/utils/location.py", line 79, in _open_with_optional_gpu_decode
[rank1]:     raise RuntimeError(
[rank1]: RuntimeError: GPU zarr decode failed while opening /orcd/data/abodner/003/LLC4320/LLC4320 with xarray. This usually means xarray/zarr GPU-buffer integration is incompatible with the current store or environment. Set data.zarr_gpu_decode=false to continue on the CPU path.
[rank0]: Traceback (most recent call last):
[rank0]:   File "/orcd/home/002/codycruz/Ocean_Emulator_gpudecode/src/ocean_emulators/utils/location.py", line 74, in _open_with_optional_gpu_decode
[rank0]:     return open_dataset()
[rank0]:            ^^^^^^^^^^^^^^
[rank0]:   File "/orcd/home/002/codycruz/Ocean_Emulator_gpudecode/src/ocean_emulators/utils/location.py", line 237, in <lambda>
[rank0]:     open_dataset=lambda: xr.open_dataset(
[rank0]:                          ^^^^^^^^^^^^^^^^
[rank0]:   File "/orcd/home/002/codycruz/Ocean_Emulator_gpudecode/.venv/lib64/python3.12/site-packages/xarray/backends/api.py", line 607, in open_dataset
[rank0]:     backend_ds = backend.open_dataset(
[rank0]:                  ^^^^^^^^^^^^^^^^^^^^^
[rank0]:   File "/orcd/home/002/codycruz/Ocean_Emulator_gpudecode/.venv/lib64/python3.12/site-packages/xarray/backends/zarr.py", line 1683, in open_dataset
[rank0]:     store = ZarrStore.open_group(
[rank0]:             ^^^^^^^^^^^^^^^^^^^^^
[rank0]:   File "/orcd/home/002/codycruz/Ocean_Emulator_gpudecode/.venv/lib64/python3.12/site-packages/xarray/backends/zarr.py", line 722, in open_group
[rank0]:     ) = _get_open_params(
[rank0]:         ^^^^^^^^^^^^^^^^^
[rank0]:   File "/orcd/home/002/codycruz/Ocean_Emulator_gpudecode/.venv/lib64/python3.12/site-packages/xarray/backends/zarr.py", line 1891, in _get_open_params
[rank0]:     zarr_root_group = zarr.open_consolidated(store, **open_kwargs)
[rank0]:                       ^^^^^^^^^^^^^^^^^^^^^^^^^^^^^^^^^^^^^^^^^^^^
[rank0]:   File "/orcd/home/002/codycruz/Ocean_Emulator_gpudecode/.venv/lib64/python3.12/site-packages/zarr/api/synchronous.py", line 238, in open_consolidated
[rank0]:     sync(async_api.open_consolidated(*args, use_consolidated=use_consolidated, **kwargs))
[rank0]:   File "/orcd/home/002/codycruz/Ocean_Emulator_gpudecode/.venv/lib64/python3.12/site-packages/zarr/core/sync.py", line 159, in sync
[rank0]:     raise return_result
[rank0]:   File "/orcd/home/002/codycruz/Ocean_Emulator_gpudecode/.venv/lib64/python3.12/site-packages/zarr/core/sync.py", line 119, in _runner
[rank0]:     return await coro
[rank0]:            ^^^^^^^^^^
[rank0]:   File "/orcd/home/002/codycruz/Ocean_Emulator_gpudecode/.venv/lib64/python3.12/site-packages/zarr/api/asynchronous.py", line 415, in open_consolidated
[rank0]:     return await open_group(*args, use_consolidated=use_consolidated, **kwargs)
[rank0]:            ^^^^^^^^^^^^^^^^^^^^^^^^^^^^^^^^^^^^^^^^^^^^^^^^^^^^^^^^^^^^^^^^^^^^
[rank0]:   File "/orcd/home/002/codycruz/Ocean_Emulator_gpudecode/.venv/lib64/python3.12/site-packages/zarr/api/asynchronous.py", line 866, in open_group
[rank0]:     return await AsyncGroup.open(
[rank0]:            ^^^^^^^^^^^^^^^^^^^^^^
[rank0]:   File "/orcd/home/002/codycruz/Ocean_Emulator_gpudecode/.venv/lib64/python3.12/site-packages/zarr/core/group.py", line 570, in open
[rank0]:     ) = await asyncio.gather(
[rank0]:         ^^^^^^^^^^^^^^^^^^^^^
[rank0]:   File "/orcd/home/002/codycruz/Ocean_Emulator_gpudecode/.venv/lib64/python3.12/site-packages/zarr/storage/_common.py", line 168, in get
[rank0]:     return await self.store.get(self.path, prototype=prototype, byte_range=byte_range)
[rank0]:            ^^^^^^^^^^^^^^^^^^^^^^^^^^^^^^^^^^^^^^^^^^^^^^^^^^^^^^^^^^^^^^^^^^^^^^^^^^^
[rank0]:   File "/orcd/home/002/codycruz/Ocean_Emulator_gpudecode/.venv/lib64/python3.12/site-packages/zarr/storage/_local.py", line 205, in get
[rank0]:     return await asyncio.to_thread(_get, path, prototype, byte_range)
[rank0]:            ^^^^^^^^^^^^^^^^^^^^^^^^^^^^^^^^^^^^^^^^^^^^^^^^^^^^^^^^^^
[rank0]:   File "/usr/lib64/python3.12/asyncio/threads.py", line 25, in to_thread
[rank0]:     return await loop.run_in_executor(None, func_call)
[rank0]:            ^^^^^^^^^^^^^^^^^^^^^^^^^^^^^^^^^^^^^^^^^^^
[rank0]:   File "/usr/lib64/python3.12/concurrent/futures/thread.py", line 58, in run
[rank0]:     result = self.fn(*self.args, **self.kwargs)
[rank0]:              ^^^^^^^^^^^^^^^^^^^^^^^^^^^^^^^^^^
[rank0]:   File "/orcd/home/002/codycruz/Ocean_Emulator_gpudecode/.venv/lib64/python3.12/site-packages/zarr/storage/_local.py", line 32, in _get
[rank0]:     return prototype.buffer.from_bytes(path.read_bytes())
[rank0]:            ^^^^^^^^^^^^^^^^^^^^^^^^^^^^^^^^^^^^^^^^^^^^^^
[rank0]:   File "/orcd/home/002/codycruz/Ocean_Emulator_gpudecode/.venv/lib64/python3.12/site-packages/zarr/core/buffer/gpu.py", line 105, in from_bytes
[rank0]:     return cls.from_array_like(cp.frombuffer(bytes_like, dtype="B"))
[rank0]:                                ^^^^^^^^^^^^^
[rank0]: AttributeError: 'NoneType' object has no attribute 'frombuffer'

[rank0]: The above exception was the direct cause of the following exception:

[rank0]: Traceback (most recent call last):
[rank0]:   File "<frozen runpy>", line 198, in _run_module_as_main
[rank0]:   File "<frozen runpy>", line 88, in _run_code
[rank0]:   File "/orcd/home/002/codycruz/Ocean_Emulator_gpudecode/src/ocean_emulators/train.py", line 1089, in <module>
[rank0]:     main()
[rank0]:   File "/orcd/home/002/codycruz/Ocean_Emulator_gpudecode/src/ocean_emulators/train.py", line 1079, in main
[rank0]:     trainer = Trainer(cfg)
[rank0]:               ^^^^^^^^^^^^
[rank0]:   File "/orcd/home/002/codycruz/Ocean_Emulator_gpudecode/src/ocean_emulators/train.py", line 132, in __init__
[rank0]:     self.data_container = cfg.data.build(
[rank0]:                           ^^^^^^^^^^^^^^^
[rank0]:   File "/orcd/home/002/codycruz/Ocean_Emulator_gpudecode/src/ocean_emulators/config.py", line 214, in build
[rank0]:     src, fork = make_source(
[rank0]:                 ^^^^^^^^^^^^
[rank0]:   File "/orcd/home/002/codycruz/Ocean_Emulator_gpudecode/src/ocean_emulators/config.py", line 191, in make_source
[rank0]:     data_source = DataSource.from_locations(
[rank0]:                   ^^^^^^^^^^^^^^^^^^^^^^^^^^
[rank0]:   File "/orcd/home/002/codycruz/Ocean_Emulator_gpudecode/src/ocean_emulators/utils/data.py", line 454, in from_locations
[rank0]:     data = data_location.open(chunks, use_gpu_zarr_decode=zarr_gpu_decode)
[rank0]:            ^^^^^^^^^^^^^^^^^^^^^^^^^^^^^^^^^^^^^^^^^^^^^^^^^^^^^^^^^^^^^^^
[rank0]:   File "/orcd/home/002/codycruz/Ocean_Emulator_gpudecode/src/ocean_emulators/utils/location.py", line 234, in open
[rank0]:     return _open_with_optional_gpu_decode(
[rank0]:            ^^^^^^^^^^^^^^^^^^^^^^^^^^^^^^^
[rank0]:   File "/orcd/home/002/codycruz/Ocean_Emulator_gpudecode/src/ocean_emulators/utils/location.py", line 79, in _open_with_optional_gpu_decode
[rank0]:     raise RuntimeError(
[rank0]: RuntimeError: GPU zarr decode failed while opening /orcd/data/abodner/003/LLC4320/LLC4320 with xarray. This usually means xarray/zarr GPU-buffer integration is incompatible with the current store or environment. Set data.zarr_gpu_decode=false to continue on the CPU path.
node2905:1797829:1797945 [1] NCCL INFO misc/socket.cc:64 -> 3
node2905:1797830:1797944 [2] NCCL INFO misc/socket.cc:64 -> 3
node2905:1797829:1797945 [1] NCCL INFO misc/socket.cc:81 -> 3
node2905:1797830:1797944 [2] NCCL INFO misc/socket.cc:81 -> 3
node2905:1797829:1797945 [1] NCCL INFO misc/socket.cc:863 -> 3
node2905:1797830:1797944 [2] NCCL INFO misc/socket.cc:863 -> 3
node2905:1797829:1797945 [1] NCCL INFO misc/socket.cc:64 -> 3
node2905:1797830:1797944 [2] NCCL INFO misc/socket.cc:64 -> 3
node2905:1797829:1797945 [1] NCCL INFO misc/socket.cc:81 -> 3
node2905:1797830:1797944 [2] NCCL INFO misc/socket.cc:81 -> 3
node2905:1797829:1797945 [1] NCCL INFO misc/socket.cc:863 -> 3
node2905:1797830:1797944 [2] NCCL INFO misc/socket.cc:863 -> 3
node2905:1797829:1797921 [1] NCCL INFO misc/socket.cc:915 -> 3
node2905:1797830:1797944 [2] NCCL INFO misc/socket.cc:64 -> 3
node2905:1797830:1797944 [2] NCCL INFO misc/socket.cc:81 -> 3
node2905:1797830:1797944 [2] NCCL INFO misc/socket.cc:863 -> 3
node2905:1797829:1797945 [1] NCCL INFO misc/socket.cc:64 -> 3
node2905:1797829:1797945 [1] NCCL INFO misc/socket.cc:81 -> 3
node2905:1797829:1797945 [1] NCCL INFO misc/socket.cc:863 -> 3
node2905:1797830:1797923 [2] NCCL INFO misc/socket.cc:915 -> 3
node2905:1797829:1797921 [1] NCCL INFO misc/socket.cc:915 -> 3
node2905:1797830:1797923 [2] NCCL INFO misc/socket.cc:915 -> 3
[rank0]:[W314 22:31:01.459549187 ProcessGroupNCCL.cpp:1524] Warning: WARNING: destroy_process_group() was not called before program exit, which can leak resources. For more info, please see https://pytorch.org/docs/stable/distributed.html#shutdown (function operator())
node2905:1797828:1797947 [0] NCCL INFO misc/socket.cc:64 -> 3
node2905:1797828:1797947 [0] NCCL INFO misc/socket.cc:81 -> 3
node2905:1797828:1797947 [0] NCCL INFO misc/socket.cc:863 -> 3
node2905:1797829:1797921 [1] NCCL INFO misc/socket.cc:915 -> 3
node2905:1797828:1797924 [0] NCCL INFO misc/socket.cc:915 -> 3
node2905:1797828:1797947 [0] NCCL INFO misc/socket.cc:64 -> 3
node2905:1797828:1797947 [0] NCCL INFO misc/socket.cc:81 -> 3
node2905:1797828:1797947 [0] NCCL INFO misc/socket.cc:863 -> 3
node2905:1797828:1797947 [0] NCCL INFO misc/socket.cc:64 -> 3
node2905:1797828:1797947 [0] NCCL INFO misc/socket.cc:81 -> 3
node2905:1797828:1797947 [0] NCCL INFO misc/socket.cc:863 -> 3
node2905:1797830:1797923 [2] NCCL INFO misc/socket.cc:915 -> 3
node2905:1797829:1797945 [1] NCCL INFO comm 0x5638e1f48f30 rank 1 nranks 3 cudaDev 1 busId d2000 - Abort COMPLETE
node2905:1797830:1797944 [2] NCCL INFO comm 0x559bd60c2090 rank 2 nranks 3 cudaDev 2 busId e4000 - Abort COMPLETE
[rank2]:[W314 22:31:01.962502349 AllocatorConfig.cpp:28] Warning: PYTORCH_CUDA_ALLOC_CONF is deprecated, use PYTORCH_ALLOC_CONF instead (function operator())
[rank1]:[W314 22:31:01.962507817 AllocatorConfig.cpp:28] Warning: PYTORCH_CUDA_ALLOC_CONF is deprecated, use PYTORCH_ALLOC_CONF instead (function operator())
node2905:1797828:1797947 [0] NCCL INFO comm 0x55f2b80d8fe0 rank 0 nranks 3 cudaDev 0 busId 55000 - Abort COMPLETE
[rank0]:[W314 22:31:01.263252851 AllocatorConfig.cpp:28] Warning: PYTORCH_CUDA_ALLOC_CONF is deprecated, use PYTORCH_ALLOC_CONF instead (function operator())
W0314 22:31:02.441000 1797803 .venv/lib/python3.12/site-packages/torch/distributed/elastic/multiprocessing/api.py:908] Sending process 1797829 closing signal SIGTERM
E0314 22:31:02.473000 1797803 .venv/lib/python3.12/site-packages/torch/distributed/elastic/multiprocessing/api.py:882] failed (exitcode: 1) local_rank: 0 (pid: 1797828) of binary: /orcd/home/002/codycruz/Ocean_Emulator_gpudecode/.venv/bin/python3
Traceback (most recent call last):
  File "<frozen runpy>", line 198, in _run_module_as_main
  File "<frozen runpy>", line 88, in _run_code
  File "/orcd/home/002/codycruz/Ocean_Emulator_gpudecode/.venv/lib64/python3.12/site-packages/torch/distributed/run.py", line 940, in <module>
    main()
  File "/orcd/home/002/codycruz/Ocean_Emulator_gpudecode/.venv/lib64/python3.12/site-packages/torch/distributed/elastic/multiprocessing/errors/__init__.py", line 357, in wrapper
    return f(*args, **kwargs)
           ^^^^^^^^^^^^^^^^^^
  File "/orcd/home/002/codycruz/Ocean_Emulator_gpudecode/.venv/lib64/python3.12/site-packages/torch/distributed/run.py", line 936, in main
    run(args)
  File "/orcd/home/002/codycruz/Ocean_Emulator_gpudecode/.venv/lib64/python3.12/site-packages/torch/distributed/run.py", line 927, in run
    elastic_launch(
  File "/orcd/home/002/codycruz/Ocean_Emulator_gpudecode/.venv/lib64/python3.12/site-packages/torch/distributed/launcher/api.py", line 156, in __call__
    return launch_agent(self._config, self._entrypoint, list(args))
           ^^^^^^^^^^^^^^^^^^^^^^^^^^^^^^^^^^^^^^^^^^^^^^^^^^^^^^^^
  File "/orcd/home/002/codycruz/Ocean_Emulator_gpudecode/.venv/lib64/python3.12/site-packages/torch/distributed/launcher/api.py", line 293, in launch_agent
    raise ChildFailedError(
torch.distributed.elastic.multiprocessing.errors.ChildFailedError: 
============================================================
ocean_emulators.train FAILED
------------------------------------------------------------
Failures:
[1]:
  time      : 2026-03-14_22:31:02
  host      : node2905.inband
  rank      : 2 (local_rank: 2)
  exitcode  : 1 (pid: 1797830)
  error_file: <N/A>
  traceback : To enable traceback see: https://pytorch.org/docs/stable/elastic/errors.html
------------------------------------------------------------
Root Cause (first observed failure):
[0]:
  time      : 2026-03-14_22:31:02
  host      : node2905.inband
  rank      : 0 (local_rank: 0)
  exitcode  : 1 (pid: 1797828)
  error_file: <N/A>
  traceback : To enable traceback see: https://pytorch.org/docs/stable/elastic/errors.html
============================================================
[W314 22:31:02.964631629 AllocatorConfig.cpp:28] Warning: PYTORCH_CUDA_ALLOC_CONF is deprecated, use PYTORCH_ALLOC_CONF instead (function operator())
