{
  "version": "1.5.0",
  "plugins_used": [
    {
      "name": "ArtifactoryDetector"
    },
    {
      "name": "AWSKeyDetector"
    },
    {
      "name": "AzureStorageKeyDetector"
    },
    {
      "name": "Base64HighEntropyString",
      "limit": 4.5
    },
    {
      "name": "BasicAuthDetector"
    },
    {
      "name": "CloudantDetector"
    },
    {
      "name": "DiscordBotTokenDetector"
    },
    {
      "name": "GitHubTokenDetector"
    },
    {
      "name": "GitLabTokenDetector"
    },
    {
      "name": "HexHighEntropyString",
      "limit": 3.0
    },
    {
      "name": "IbmCloudIamDetector"
    },
    {
      "name": "IbmCosHmacDetector"
    },
    {
      "name": "IPPublicDetector"
    },
    {
      "name": "JwtTokenDetector"
    },
    {
      "name": "KeywordDetector",
      "keyword_exclude": ""
    },
    {
      "name": "MailchimpDetector"
    },
    {
      "name": "NpmDetector"
    },
    {
      "name": "OpenAIDetector"
    },
    {
      "name": "PrivateKeyDetector"
    },
    {
      "name": "PypiTokenDetector"
    },
    {
      "name": "SendGridDetector"
    },
    {
      "name": "SlackDetector"
    },
    {
      "name": "SoftlayerDetector"
    },
    {
      "name": "SquareOAuthDetector"
    },
    {
      "name": "StripeDetector"
    },
    {
      "name": "TelegramBotTokenDetector"
    },
    {
      "name": "TwilioKeyDetector"
    }
  ],
  "filters_used": [
    {
      "path": "detect_secrets.filters.allowlist.is_line_allowlisted"
    },
    {
      "path": "detect_secrets.filters.common.is_ignored_due_to_verification_policies",
      "min_level": 2
    },
    {
      "path": "detect_secrets.filters.heuristic.is_indirect_reference"
    },
    {
      "path": "detect_secrets.filters.heuristic.is_likely_id_string"
    },
    {
      "path": "detect_secrets.filters.heuristic.is_lock_file"
    },
    {
      "path": "detect_secrets.filters.heuristic.is_not_alphanumeric_string"
    },
    {
      "path": "detect_secrets.filters.heuristic.is_potential_uuid"
    },
    {
      "path": "detect_secrets.filters.heuristic.is_prefixed_with_dollar_sign"
    },
    {
      "path": "detect_secrets.filters.heuristic.is_sequential_string"
    },
    {
      "path": "detect_secrets.filters.heuristic.is_swagger_file"
    },
    {
      "path": "detect_secrets.filters.heuristic.is_templated_secret"
    }
  ],
  "results": {
    "docs/experiments/surface-wave1-results/ar/checkpoint-hashes.json": [
      {
        "type": "Hex High Entropy String",
        "filename": "docs/experiments/surface-wave1-results/ar/checkpoint-hashes.json",
        "hashed_secret": "71fb97a9bf65e1cb62c800728bdb5ecda23d803b",
        "is_verified": false,
        "line_number": 3,
        "is_secret": false
      },
      {
        "type": "Hex High Entropy String",
        "filename": "docs/experiments/surface-wave1-results/ar/checkpoint-hashes.json",
        "hashed_secret": "ee7237cfa28f591ce83792193ba383ffbff16b99",
        "is_verified": false,
        "line_number": 8,
        "is_secret": false
      },
      {
        "type": "Hex High Entropy String",
        "filename": "docs/experiments/surface-wave1-results/ar/checkpoint-hashes.json",
        "hashed_secret": "f220330ebf4acb8f5049b21ab41163784750bed3",
        "is_verified": false,
        "line_number": 13,
        "is_secret": false
      },
      {
        "type": "Hex High Entropy String",
        "filename": "docs/experiments/surface-wave1-results/ar/checkpoint-hashes.json",
        "hashed_secret": "3ee474c2812937a6213f6ff829eec7f01731259c",
        "is_verified": false,
        "line_number": 18,
        "is_secret": false
      }
    ],
    "docs/experiments/surface-wave1-results/ar/manifest.json": [
      {
        "type": "Hex High Entropy String",
        "filename": "docs/experiments/surface-wave1-results/ar/manifest.json",
        "hashed_secret": "1b3a8ec5c11a02c4a146e087a1c1a83721e7e423",
        "is_verified": false,
        "line_number": 171,
        "is_secret": false
      }
    ],
    "docs/experiments/surface-wave1-results/audit_final.py": [
      {
        "type": "Hex High Entropy String",
        "filename": "docs/experiments/surface-wave1-results/audit_final.py",
        "hashed_secret": "1b3a8ec5c11a02c4a146e087a1c1a83721e7e423",
        "is_verified": false,
        "line_number": 104,
        "is_secret": false
      }
    ],
    "docs/experiments/surface-wave1-results/collection.json": [
      {
        "type": "Hex High Entropy String",
        "filename": "docs/experiments/surface-wave1-results/collection.json",
        "hashed_secret": "55c4475c5b5f6c7009d8ed32a093ea706175b0f8",
        "is_verified": false,
        "line_number": 7,
        "is_secret": false
      },
      {
        "type": "Hex High Entropy String",
        "filename": "docs/experiments/surface-wave1-results/collection.json",
        "hashed_secret": "4bbaa9852dcf38b962f7fc974b693f0072709833",
        "is_verified": false,
        "line_number": 11,
        "is_secret": false
      },
      {
        "type": "Hex High Entropy String",
        "filename": "docs/experiments/surface-wave1-results/collection.json",
        "hashed_secret": "52ab6df702a7578bd29279764edab4ca8e5cf2a4",
        "is_verified": false,
        "line_number": 15,
        "is_secret": false
      },
      {
        "type": "Hex High Entropy String",
        "filename": "docs/experiments/surface-wave1-results/collection.json",
        "hashed_secret": "3554ba10b8db9fddc5a8a45850f96d47bf43a702",
        "is_verified": false,
        "line_number": 19,
        "is_secret": false
      },
      {
        "type": "Hex High Entropy String",
        "filename": "docs/experiments/surface-wave1-results/collection.json",
        "hashed_secret": "7efb037cdcbae04348819996a72640740a1505ac",
        "is_verified": false,
        "line_number": 23,
        "is_secret": false
      },
      {
        "type": "Hex High Entropy String",
        "filename": "docs/experiments/surface-wave1-results/collection.json",
        "hashed_secret": "248703abbaaddecf43600be5e45143af6a1d6ac9",
        "is_verified": false,
        "line_number": 27,
        "is_secret": false
      },
      {
        "type": "Hex High Entropy String",
        "filename": "docs/experiments/surface-wave1-results/collection.json",
        "hashed_secret": "d2a3df1459a98d0371b03ca14ec38cfcf353ef36",
        "is_verified": false,
        "line_number": 31,
        "is_secret": false
      },
      {
        "type": "Hex High Entropy String",
        "filename": "docs/experiments/surface-wave1-results/collection.json",
        "hashed_secret": "8b0047e1a90c928d374f748c5c3b3f824b74884f",
        "is_verified": false,
        "line_number": 35,
        "is_secret": false
      },
      {
        "type": "Hex High Entropy String",
        "filename": "docs/experiments/surface-wave1-results/collection.json",
        "hashed_secret": "976aa5672235a3ec84f7c412d21b10d8284abbef",
        "is_verified": false,
        "line_number": 39,
        "is_secret": false
      },
      {
        "type": "Hex High Entropy String",
        "filename": "docs/experiments/surface-wave1-results/collection.json",
        "hashed_secret": "8897dc017f68908593b74dcbfde354709e33c83e",
        "is_verified": false,
        "line_number": 43,
        "is_secret": false
      },
      {
        "type": "Hex High Entropy String",
        "filename": "docs/experiments/surface-wave1-results/collection.json",
        "hashed_secret": "da95fa38de541f7a4717ac4541028979bdfb23a4",
        "is_verified": false,
        "line_number": 47,
        "is_secret": false
      },
      {
        "type": "Hex High Entropy String",
        "filename": "docs/experiments/surface-wave1-results/collection.json",
        "hashed_secret": "69c37a78779416399897427e4eb3886d86018b8f",
        "is_verified": false,
        "line_number": 51,
        "is_secret": false
      },
      {
        "type": "Hex High Entropy String",
        "filename": "docs/experiments/surface-wave1-results/collection.json",
        "hashed_secret": "81e54c40e44fa801b1ef0179b781f8e07b74beb2",
        "is_verified": false,
        "line_number": 55,
        "is_secret": false
      },
      {
        "type": "Hex High Entropy String",
        "filename": "docs/experiments/surface-wave1-results/collection.json",
        "hashed_secret": "3e1ea6fbcc6db21fa48a1bde4841eeb4a7f80d44",
        "is_verified": false,
        "line_number": 59,
        "is_secret": false
      },
      {
        "type": "Hex High Entropy String",
        "filename": "docs/experiments/surface-wave1-results/collection.json",
        "hashed_secret": "c718a5acac2aaabaa63d481e672c767fff4464ad",
        "is_verified": false,
        "line_number": 63,
        "is_secret": false
      },
      {
        "type": "Hex High Entropy String",
        "filename": "docs/experiments/surface-wave1-results/collection.json",
        "hashed_secret": "7d0342082c60e383c99b153c1bc7d89db2b2cd7f",
        "is_verified": false,
        "line_number": 67,
        "is_secret": false
      },
      {
        "type": "Hex High Entropy String",
        "filename": "docs/experiments/surface-wave1-results/collection.json",
        "hashed_secret": "2f28f1d55ce8ad250038c1527fda4bdfdb2d6380",
        "is_verified": false,
        "line_number": 71,
        "is_secret": false
      },
      {
        "type": "Hex High Entropy String",
        "filename": "docs/experiments/surface-wave1-results/collection.json",
        "hashed_secret": "af4e55750403d97aa6da3442e65378101f967fea",
        "is_verified": false,
        "line_number": 75,
        "is_secret": false
      },
      {
        "type": "Hex High Entropy String",
        "filename": "docs/experiments/surface-wave1-results/collection.json",
        "hashed_secret": "e97cf3c54f7b04bf2b6ea8c4ce188525d42f3088",
        "is_verified": false,
        "line_number": 79,
        "is_secret": false
      },
      {
        "type": "Hex High Entropy String",
        "filename": "docs/experiments/surface-wave1-results/collection.json",
        "hashed_secret": "4d3efcd2a836a5f1d08b2c531a13e4bb5d311488",
        "is_verified": false,
        "line_number": 83,
        "is_secret": false
      },
      {
        "type": "Hex High Entropy String",
        "filename": "docs/experiments/surface-wave1-results/collection.json",
        "hashed_secret": "1519f256efeff264802e1dd1a2327b4d7d04f345",
        "is_verified": false,
        "line_number": 87,
        "is_secret": false
      },
      {
        "type": "Hex High Entropy String",
        "filename": "docs/experiments/surface-wave1-results/collection.json",
        "hashed_secret": "50c9cf4b07e12df7e0c946893d752d74f71185fa",
        "is_verified": false,
        "line_number": 91,
        "is_secret": false
      },
      {
        "type": "Hex High Entropy String",
        "filename": "docs/experiments/surface-wave1-results/collection.json",
        "hashed_secret": "80487beebe60273b21a17d8f7b45247aa40a993b",
        "is_verified": false,
        "line_number": 95,
        "is_secret": false
      },
      {
        "type": "Hex High Entropy String",
        "filename": "docs/experiments/surface-wave1-results/collection.json",
        "hashed_secret": "f6d227468d2c3c6ff8fb7c79153dbe13cb9cadcc",
        "is_verified": false,
        "line_number": 99,
        "is_secret": false
      },
      {
        "type": "Hex High Entropy String",
        "filename": "docs/experiments/surface-wave1-results/collection.json",
        "hashed_secret": "d270e2632cc5c348301da74fa0da9ae29e07a096",
        "is_verified": false,
        "line_number": 103,
        "is_secret": false
      },
      {
        "type": "Hex High Entropy String",
        "filename": "docs/experiments/surface-wave1-results/collection.json",
        "hashed_secret": "886287556f357543dd063240aa15128958598dd7",
        "is_verified": false,
        "line_number": 107,
        "is_secret": false
      }
    ],
    "docs/experiments/surface-wave1-results/direct/checkpoint-hashes.json": [
      {
        "type": "Hex High Entropy String",
        "filename": "docs/experiments/surface-wave1-results/direct/checkpoint-hashes.json",
        "hashed_secret": "ce59342b333fcc2c77b711135319845769e4e79c",
        "is_verified": false,
        "line_number": 3,
        "is_secret": false
      },
      {
        "type": "Hex High Entropy String",
        "filename": "docs/experiments/surface-wave1-results/direct/checkpoint-hashes.json",
        "hashed_secret": "5b7fbafaa5f3e277bd850bba4fe098ec3f2cd1be",
        "is_verified": false,
        "line_number": 8,
        "is_secret": false
      },
      {
        "type": "Hex High Entropy String",
        "filename": "docs/experiments/surface-wave1-results/direct/checkpoint-hashes.json",
        "hashed_secret": "1b270292c40b8e986e110171ee277f957a24be10",
        "is_verified": false,
        "line_number": 13,
        "is_secret": false
      },
      {
        "type": "Hex High Entropy String",
        "filename": "docs/experiments/surface-wave1-results/direct/checkpoint-hashes.json",
        "hashed_secret": "8d8e3ca21e9256df81f68f469c6dd9768b1e1cff",
        "is_verified": false,
        "line_number": 18,
        "is_secret": false
      }
    ],
    "docs/experiments/surface-wave1-results/direct/manifest.json": [
      {
        "type": "Hex High Entropy String",
        "filename": "docs/experiments/surface-wave1-results/direct/manifest.json",
        "hashed_secret": "1b3a8ec5c11a02c4a146e087a1c1a83721e7e423",
        "is_verified": false,
        "line_number": 171,
        "is_secret": false
      }
    ],
    "docs/experiments/surface-wave1-results/initializer/checkpoint-hashes.json": [
      {
        "type": "Hex High Entropy String",
        "filename": "docs/experiments/surface-wave1-results/initializer/checkpoint-hashes.json",
        "hashed_secret": "b2eea96cd6ef6eb1232974c7d82d8d476ffd28a5",
        "is_verified": false,
        "line_number": 3,
        "is_secret": false
      },
      {
        "type": "Hex High Entropy String",
        "filename": "docs/experiments/surface-wave1-results/initializer/checkpoint-hashes.json",
        "hashed_secret": "90bc3805e8ca7c2d240663933a102cdc491331b9",
        "is_verified": false,
        "line_number": 8,
        "is_secret": false
      }
    ],
    "docs/experiments/surface-wave1-results/initializer/manifest.json": [
      {
        "type": "Hex High Entropy String",
        "filename": "docs/experiments/surface-wave1-results/initializer/manifest.json",
        "hashed_secret": "1b3a8ec5c11a02c4a146e087a1c1a83721e7e423",
        "is_verified": false,
        "line_number": 171,
        "is_secret": false
      }
    ],
    "docs/experiments/surface-wave1-results/jobs.json": [
      {
        "type": "Hex High Entropy String",
        "filename": "docs/experiments/surface-wave1-results/jobs.json",
        "hashed_secret": "1b3a8ec5c11a02c4a146e087a1c1a83721e7e423",
        "is_verified": false,
        "line_number": 31,
        "is_secret": false
      }
    ],
    "notebooks/Model_Analysis_Compare.py": [
      {
        "type": "Base64 High Entropy String",
        "filename": "notebooks/Model_Analysis_Compare.py",
        "hashed_secret": "4a157f3abc34ce30aab0ad5262b6abb6a368bbd2",
        "is_verified": false,
        "line_number": 954
      }
    ],
    "skypilot/eval.sky.yaml": [
      {
        "type": "Base64 High Entropy String",
        "filename": "skypilot/eval.sky.yaml",
        "hashed_secret": "570999d4e418373f3fc6ad0692f1ed1b8b86dce8",
        "is_verified": false,
        "line_number": 49
      }
    ],
    "skypilot/train.sky.yaml": [
      {
        "type": "Base64 High Entropy String",
        "filename": "skypilot/train.sky.yaml",
        "hashed_secret": "570999d4e418373f3fc6ad0692f1ed1b8b86dce8",
        "is_verified": false,
        "line_number": 48
      }
    ],
    "skypilot/viz.sky.yaml": [
      {
        "type": "Base64 High Entropy String",
        "filename": "skypilot/viz.sky.yaml",
        "hashed_secret": "570999d4e418373f3fc6ad0692f1ed1b8b86dce8",
        "is_verified": false,
        "line_number": 47
      }
    ]
  },
  "generated_at": "2026-07-28T21:47:20Z"
}
