🧪 Full End-to-End Pipeline Validation
==================================================
🚀 Starting full end-to-end pipeline test...
This will take 10-15 minutes due to profile computation for all variables.
Config analysis groups: {'pdfs', 'spatial', 'enso', 'ohc', 'metrics', 'timeseries'}
Config variables: ['thetao', 'so', 'uo', 'vo', 'zos']
Expected total outputs: 84 plots, 5 data files
\n📊 Running complete refactored pipeline...
Starting Ocean Visualization Analysis with groups: {'pdfs', 'spatial', 'enso', 'ohc', 'metrics', 'timeseries'}
Loading datasets...
Processing data...
Creating basin masks...
Data loading completed!
Computing profiles...
Loaded cached ground truth profile from /home/user/.cache/ocean_emulators_profiles/groundtruth_OM4_2e1a3825.zarr
Loaded cached prediction profile for pred_1 from /home/user/.cache/ocean_emulators_profiles/prediction_pred_1_00c0ebbc.zarr
Loaded profiles from cache!
Generating time series plots...
Prediction 1: 0.00011413694158821962
Thetao GT:  0.001518199313941762
Prediction 1: -3.679058424149726e-06
Salinity GT:  -6.516236923091418e-06
Time series plots completed!
Generating spatial plots...
🗺️ Starting spatial plot generation...
📊 Creating OHC analysis plots...
✅ OHC analysis plots completed
🌊 Creating OHC basin plots...
✅ OHC basin plots completed
🏄 Creating upper ocean OHC basin plots...
✅ Upper ocean OHC basin plots completed
🌡️ Creating SST analysis plots...
✅ SST analysis plots completed
🧂 Creating salinity analysis plots...
✅ Salinity analysis plots completed
🗺️ Creating basin comparison plots...
✅ Basin comparison plots completed
🧂➕ Creating missing salinity plots...
✅ Missing salinity plots completed
🌡️➕ Creating missing temperature plots...
✅ Missing temperature plots completed
📈➕ Creating missing temperature profile plots...
🔧 Starting temperature profile plots (simplified version)...
📊 Processing samudra-10-year-high-res temperature data...
⏰ Using time slices: first 73 vs last 73 timesteps
📈 Computing CM4 temperature change...
🗺️ Creating CM4 profile plot...
📈 Computing prediction temperature change...
🗺️ Creating prediction profile plot...
📊 Computing bias...
🗺️ Creating bias profile plot...
✅ Temperature profile plots completed successfully!
✅ Missing temperature profile plots completed
🎉 All spatial plots generation completed!
Spatial plots completed!
Generating OHC plots...
OHC plots completed!
Computing climate indices...
Generated ENSO visualization plots in /tmp/tmpewqlfix6/full_pipeline_test/ENSO
Climate indices completed!
Computing metrics...
Metrics computation completed!
Generating PDF plots...
Generating PDF plots...
📊 Starting PDF plots creation...
🎨 Creating PDF figure layout...
📈 Processing 5 variables for PDF analysis...
🔍 Processing variable 1/5: thetao
📊 Computing data range for thetao...
📈 Data range for thetao: (-4.516712188720703, 33.54582977294922)
🧮 Computing ground truth PDF for thetao...
🧮 Computing prediction PDF for thetao from pred_1...
✅ Completed PDF for thetao
🔍 Processing variable 2/5: so
📊 Computing data range for so...
📈 Data range for so: (-0.5821113586425781, 42.973880767822266)
🧮 Computing ground truth PDF for so...
🧮 Computing prediction PDF for so from pred_1...
✅ Completed PDF for so
🔍 Processing variable 3/5: zos
📊 Computing data range for zos...
📈 Data range for zos: (-1.9925925731658936, 1.0270987749099731)
🧮 Computing ground truth PDF for zos...
🧮 Computing prediction PDF for zos from pred_1...
✅ Completed PDF for zos
🔍 Processing variable 4/5: uo
📊 Computing data range for uo...
📈 Data range for uo: (-0.7016488909721375, 0.753669023513794)
🧮 Computing ground truth PDF for uo...
🧮 Computing prediction PDF for uo from pred_1...
✅ Completed PDF for uo
🔍 Processing variable 5/5: vo
📊 Computing data range for vo...
📈 Data range for vo: (-0.5082314014434814, 0.49837714433670044)
🧮 Computing ground truth PDF for vo...
🧮 Computing prediction PDF for vo from pred_1...
✅ Completed PDF for vo
💾 Saving PDF plots...
✅ PDF plots saved to: /tmp/tmpewqlfix6/full_pipeline_test/PDFs/PDF_Plots_Short.png
PDF plots completed!
PDF plots completed!
Analysis completed! Results saved to: /tmp/tmpewqlfix6/full_pipeline_test
✓ Full pipeline completed successfully!
✓ Output saved to: /tmp/tmpewqlfix6/full_pipeline_test
/workspace/.venv/lib/python3.11/site-packages/PIL/Image.py:3402: DecompressionBombWarning: Image size (102018835 pixels) exceeds limit of 89478485 pixels, could be decompression bomb DOS attack.
  warnings.warn(
✓ Generated 123 total files
  - 113 plot files (.png)
  - 10 data files (.nc, .txt)
\n📁 Generated file structure:
  ./: 1 files
  ENSO/: 4 files
  Metrics/: 7 files
  OHC/: 10 files
  PDFs/: 1 files
  Salinity/: 8 files
  Temperature/: 9 files
  Timeseries/: 6 files
  Timeseries/so_timeseries/: 19 files
  Timeseries/thetao_timeseries/: 19 files
  Timeseries/uo_timeseries/: 19 files
  Timeseries/vo_timeseries/: 19 files
  Timeseries/zos_timeseries/: 1 files
\n🏆 Comparing against gold standard...
/workspace/.venv/lib/python3.11/site-packages/PIL/Image.py:3402: DecompressionBombWarning: Image size (104306390 pixels) exceeds limit of 89478485 pixels, could be decompression bomb DOS attack.
  warnings.warn(
📊 Gold standard contains:
  - 120 total files
  - 109 plot files
  - 4 data files
\n🔍 Detailed comparison:
📈 Plot comparison:
  ✓ Common plots: 106
  ❌ Missing plots: 3
    - Temperature/CM4 (Last Year - First Year).png
    - Temperature/SST_map_snapshot_t_300.png
    - Temperature/samudra-recreate-paper-om4 (Last Year - First Year).png
  ⚠️  Extra plots: 7
    - OHC/OHC_Bias_Map_pred_1.png
    - Salinity/so_basin_comparison.png
    - Temperature/OM4 (Last Year - First Year).png
    - Temperature/SST_Bias_Map_pred_1.png
    - Temperature/samudra-10-year-high-res (Last Year - First Year).png
    - Temperature/thetao_basin_comparison.png
    - Timeseries/temperature_profiles_comparison.png
📊 Data file comparison:
  ✓ Common data files: 4
  ⚠️  Extra data files: 1
    - Metrics/pred_1_summary.txt
\n📊 Overall comparison:
  📈 Match rate: 97.3% (110/113)
  ❌ Missing outputs: 3
  ⚠️  Extra outputs: 8
\n🎉 FULL PIPELINE TEST PASSED!
✅ Refactored pipeline produces outputs matching gold standard
\n🎉 Full validation completed successfully!
The refactored pipeline produces outputs matching the gold standard.
