warning: `VIRTUAL_ENV=/orcd/home/002/codycruz/Ocean_Emulator/.venv` does not match the project environment path `.venv` and will be ignored; use `--active` to target the active environment instead
warning: The `extra-build-dependencies` option is experimental and may change without warning. Pass `--preview-features extra-build-dependencies` to disable this warning.
Resolved 312 packages in 2ms
Audited 308 packages in 123ms
======== train ocean_emulator samudra w/ 2 gpus on LLC4320 data ========
training for 3 total epochs and saving checkpoints every 1
using 0 data workers and false pin memory
using LLC face=1, i=[0:720), j=[0:720)
warning: `VIRTUAL_ENV=/orcd/home/002/codycruz/Ocean_Emulator/.venv` does not match the project environment path `.venv` and will be ignored; use `--active` to target the active environment instead
warning: The `extra-build-dependencies` option is experimental and may change without warning. Pass `--preview-features extra-build-dependencies` to disable this warning.
2026-03-17 17:47:42,092 - INFO - backend - auto backend detected CUDA
2026-03-17 17:47:42,228 - INFO - backend - auto backend detected CUDA
node2905:2274415:2274415 [0] NCCL INFO Bootstrap: Using ib0:172.16.29.5<0>
node2905:2274415:2274415 [0] NCCL INFO cudaDriverVersion 13010
node2905:2274415:2274415 [0] NCCL INFO NCCL version 2.27.5+cuda12.9
node2905:2274416:2274416 [1] NCCL INFO cudaDriverVersion 13010
node2905:2274416:2274416 [1] NCCL INFO Bootstrap: Using ib0:172.16.29.5<0>
node2905:2274416:2274416 [1] NCCL INFO NCCL version 2.27.5+cuda12.9
node2905:2274416:2274416 [1] NCCL INFO Comm config Blocking set to 1
node2905:2274415:2274415 [0] NCCL INFO Comm config Blocking set to 1
node2905:2274416:2274476 [1] NCCL INFO NET/Plugin: Could not find: libnccl-net.so. 
node2905:2274415:2274478 [0] NCCL INFO NET/Plugin: Could not find: libnccl-net.so. 
node2905:2274416:2274476 [1] NCCL INFO NET/IB : Using [0]mlx5_0:1/IB [1]mlx5_1:1/IB [2]mlx5_2:1/IB [3]mlx5_3:1/IB [RO]; OOB ib0:172.16.29.5<0>
node2905:2274416:2274476 [1] NCCL INFO Initialized NET plugin IB
node2905:2274416:2274476 [1] NCCL INFO Assigned NET plugin IB to comm
node2905:2274416:2274476 [1] NCCL INFO Using network IB
node2905:2274415:2274478 [0] NCCL INFO NET/IB : Using [0]mlx5_0:1/IB [1]mlx5_1:1/IB [2]mlx5_2:1/IB [3]mlx5_3:1/IB [RO]; OOB ib0:172.16.29.5<0>
node2905:2274415:2274478 [0] NCCL INFO Initialized NET plugin IB
node2905:2274415:2274478 [0] NCCL INFO Assigned NET plugin IB to comm
node2905:2274415:2274478 [0] NCCL INFO Using network IB
node2905:2274416:2274476 [1] NCCL INFO DMA-BUF is available on GPU device 1
node2905:2274416:2274476 [1] NCCL INFO ncclCommInitRankConfig comm 0x564200fc9a30 rank 1 nranks 2 cudaDev 1 nvmlDev 1 busId 68000 commId 0xd31ba90e7691d836 - Init START
node2905:2274415:2274478 [0] NCCL INFO DMA-BUF is available on GPU device 0
node2905:2274415:2274478 [0] NCCL INFO ncclCommInitRankConfig comm 0x5574055a3d60 rank 0 nranks 2 cudaDev 0 nvmlDev 0 busId 55000 commId 0xd31ba90e7691d836 - Init START
node2905:2274415:2274478 [0] NCCL INFO RAS client listening socket at ::1<28028>
node2905:2274416:2274476 [1] NCCL INFO RAS client listening socket at ::1<28028>
node2905:2274416:2274476 [1] NCCL INFO Bootstrap timings total 0.050229 (create 0.000023, send 0.000068, recv 0.049780, ring 0.000016, delay 0.000000)
node2905:2274415:2274478 [0] NCCL INFO Bootstrap timings total 0.000486 (create 0.000016, send 0.000055, recv 0.000061, ring 0.000038, delay 0.000000)
node2905:2274415:2274478 [0] NCCL INFO Setting affinity for GPU 0 to 2,4,6,8,10,12,14,16,18,20,22,24,26,28,30,66,68,70,72,74,76,78,80,82,84,86,88,90,92,94
node2905:2274416:2274476 [1] NCCL INFO Setting affinity for GPU 1 to 2,4,6,8,10,12,14,16,18,20,22,24,26,28,30,66,68,70,72,74,76,78,80,82,84,86,88,90,92,94
node2905:2274416:2274476 [1] NCCL INFO comm 0x564200fc9a30 rank 1 nRanks 2 nNodes 1 localRanks 2 localRank 1 MNNVL 0
node2905:2274415:2274478 [0] NCCL INFO comm 0x5574055a3d60 rank 0 nRanks 2 nNodes 1 localRanks 2 localRank 0 MNNVL 0
node2905:2274416:2274476 [1] NCCL INFO Trees [0] -1/-1/-1->1->0 [1] -1/-1/-1->1->0 [2] 0/-1/-1->1->-1 [3] 0/-1/-1->1->-1 [4] -1/-1/-1->1->0 [5] -1/-1/-1->1->0 [6] 0/-1/-1->1->-1 [7] 0/-1/-1->1->-1
node2905:2274415:2274478 [0] NCCL INFO Channel 00/08 : 0 1
node2905:2274416:2274476 [1] NCCL INFO P2P Chunksize set to 524288
node2905:2274415:2274478 [0] NCCL INFO Channel 01/08 : 0 1
node2905:2274415:2274478 [0] NCCL INFO Channel 02/08 : 0 1
node2905:2274415:2274478 [0] NCCL INFO Channel 03/08 : 0 1
node2905:2274415:2274478 [0] NCCL INFO Channel 04/08 : 0 1
node2905:2274415:2274478 [0] NCCL INFO Channel 05/08 : 0 1
node2905:2274415:2274478 [0] NCCL INFO Channel 06/08 : 0 1
node2905:2274415:2274478 [0] NCCL INFO Channel 07/08 : 0 1
node2905:2274415:2274478 [0] NCCL INFO Trees [0] 1/-1/-1->0->-1 [1] 1/-1/-1->0->-1 [2] -1/-1/-1->0->1 [3] -1/-1/-1->0->1 [4] 1/-1/-1->0->-1 [5] 1/-1/-1->0->-1 [6] -1/-1/-1->0->1 [7] -1/-1/-1->0->1
node2905:2274415:2274478 [0] NCCL INFO P2P Chunksize set to 524288
node2905:2274416:2274476 [1] NCCL INFO PROFILER/Plugin: Could not find: libnccl-profiler.so. 
node2905:2274415:2274478 [0] NCCL INFO PROFILER/Plugin: Could not find: libnccl-profiler.so. 
node2905:2274415:2274478 [0] NCCL INFO Check P2P Type isAllDirectP2p 1 directMode 0
node2905:2274415:2274493 [0] NCCL INFO [Proxy Service] Device 0 CPU core 20
node2905:2274415:2274494 [0] NCCL INFO [Proxy Service UDS] Device 0 CPU core 88
node2905:2274416:2274492 [1] NCCL INFO [Proxy Service] Device 1 CPU core 8
node2905:2274416:2274495 [1] NCCL INFO [Proxy Service UDS] Device 1 CPU core 74
node2905:2274415:2274478 [0] NCCL INFO threadThresholds 8/8/64 | 16/8/64 | 512 | 512
node2905:2274415:2274478 [0] NCCL INFO 8 coll channels, 8 collnet channels, 0 nvls channels, 8 p2p channels, 8 p2p channels per peer
node2905:2274416:2274476 [1] NCCL INFO threadThresholds 8/8/64 | 16/8/64 | 512 | 512
node2905:2274416:2274476 [1] NCCL INFO 8 coll channels, 8 collnet channels, 0 nvls channels, 8 p2p channels, 8 p2p channels per peer
node2905:2274415:2274478 [0] NCCL INFO CC Off, workFifoBytes 1048576
node2905:2274415:2274478 [0] NCCL INFO TUNER/Plugin: Could not find: libnccl-tuner.so. Using internal tuner plugin.
node2905:2274415:2274478 [0] NCCL INFO ncclCommInitRankConfig comm 0x5574055a3d60 rank 0 nranks 2 cudaDev 0 nvmlDev 0 busId 55000 commId 0xd31ba90e7691d836 - Init COMPLETE
node2905:2274415:2274478 [0] NCCL INFO Init timings - ncclCommInitRankConfig: rank 0 nranks 2 total 0.37 (kernels 0.18, alloc 0.16, bootstrap 0.00, allgathers 0.00, topo 0.01, graphs 0.00, connections 0.00, rest 0.00)
node2905:2274416:2274476 [1] NCCL INFO TUNER/Plugin: Could not find: libnccl-tuner.so. Using internal tuner plugin.
node2905:2274416:2274476 [1] NCCL INFO ncclCommInitRankConfig comm 0x564200fc9a30 rank 1 nranks 2 cudaDev 1 nvmlDev 1 busId 68000 commId 0xd31ba90e7691d836 - Init COMPLETE
node2905:2274416:2274476 [1] NCCL INFO Init timings - ncclCommInitRankConfig: rank 1 nranks 2 total 0.37 (kernels 0.17, alloc 0.13, bootstrap 0.05, allgathers 0.00, topo 0.01, graphs 0.00, connections 0.00, rest 0.00)
[W317 17:47:42.217705362 Utils.hpp:137] Warning: Environment variable TORCH_NCCL_TRACE_BUFFER_SIZE is deprecated; use TORCH_FR_BUFFER_SIZE instead (function operator())
2026-03-17 17:47:42,868 - INFO - distributed - | distributed init (rank 1), gpu 1, world_size 2, dist_url env://
node2905:2274416:2274496 [1] NCCL INFO Channel 00/0 : 1[1] -> 0[0] via P2P/CUMEM
node2905:2274416:2274496 [1] NCCL INFO Channel 01/0 : 1[1] -> 0[0] via P2P/CUMEM
node2905:2274416:2274496 [1] NCCL INFO Channel 02/0 : 1[1] -> 0[0] via P2P/CUMEM
node2905:2274416:2274496 [1] NCCL INFO Channel 03/0 : 1[1] -> 0[0] via P2P/CUMEM
node2905:2274416:2274496 [1] NCCL INFO Channel 04/0 : 1[1] -> 0[0] via P2P/CUMEM
node2905:2274416:2274496 [1] NCCL INFO Channel 05/0 : 1[1] -> 0[0] via P2P/CUMEM
node2905:2274416:2274496 [1] NCCL INFO Channel 06/0 : 1[1] -> 0[0] via P2P/CUMEM
node2905:2274416:2274496 [1] NCCL INFO Channel 07/0 : 1[1] -> 0[0] via P2P/CUMEM
[W317 17:47:42.228109229 Utils.hpp:137] Warning: Environment variable TORCH_NCCL_TRACE_BUFFER_SIZE is deprecated; use TORCH_FR_BUFFER_SIZE instead (function operator())
2026-03-17 17:47:42,878 - INFO - distributed - | distributed init (rank 0), gpu 0, world_size 2, dist_url env://
node2905:2274415:2274497 [0] NCCL INFO Channel 00/0 : 0[0] -> 1[1] via P2P/CUMEM
node2905:2274415:2274497 [0] NCCL INFO Channel 01/0 : 0[0] -> 1[1] via P2P/CUMEM
node2905:2274415:2274497 [0] NCCL INFO Channel 02/0 : 0[0] -> 1[1] via P2P/CUMEM
node2905:2274415:2274497 [0] NCCL INFO Channel 03/0 : 0[0] -> 1[1] via P2P/CUMEM
node2905:2274415:2274497 [0] NCCL INFO Channel 04/0 : 0[0] -> 1[1] via P2P/CUMEM
node2905:2274415:2274497 [0] NCCL INFO Channel 05/0 : 0[0] -> 1[1] via P2P/CUMEM
node2905:2274415:2274497 [0] NCCL INFO Channel 06/0 : 0[0] -> 1[1] via P2P/CUMEM
node2905:2274415:2274497 [0] NCCL INFO Channel 07/0 : 0[0] -> 1[1] via P2P/CUMEM
node2905:2274415:2274497 [0] NCCL INFO Connected all rings, use ring PXN 0 GDR 1
node2905:2274416:2274496 [1] NCCL INFO Connected all rings, use ring PXN 0 GDR 1
2026-03-17 17:47:42,975 - INFO - backend - succeeded in initializing distributed mode
2026-03-17 17:47:42,989 - INFO - train - Prognostic variables: U_0, U_1, U_2, U_3, U_4, U_5, U_6, U_7, U_8, U_9, U_10, U_11, U_12, U_13, U_14, U_15, U_16, U_17, U_18, U_19, U_20, U_21, U_22, U_23, U_24, U_25, U_26, U_27, U_28, U_29, U_30, U_31, U_32, U_33, U_34, U_35, U_36, U_37, U_38, U_39, U_40, U_41, U_42, U_43, U_44, U_45, U_46, U_47, U_48, U_49, U_50, V_0, V_1, V_2, V_3, V_4, V_5, V_6, V_7, V_8, V_9, V_10, V_11, V_12, V_13, V_14, V_15, V_16, V_17, V_18, V_19, V_20, V_21, V_22, V_23, V_24, V_25, V_26, V_27, V_28, V_29, V_30, V_31, V_32, V_33, V_34, V_35, V_36, V_37, V_38, V_39, V_40, V_41, V_42, V_43, V_44, V_45, V_46, V_47, V_48, V_49, V_50, Theta_0, Theta_1, Theta_2, Theta_3, Theta_4, Theta_5, Theta_6, Theta_7, Theta_8, Theta_9, Theta_10, Theta_11, Theta_12, Theta_13, Theta_14, Theta_15, Theta_16, Theta_17, Theta_18, Theta_19, Theta_20, Theta_21, Theta_22, Theta_23, Theta_24, Theta_25, Theta_26, Theta_27, Theta_28, Theta_29, Theta_30, Theta_31, Theta_32, Theta_33, Theta_34, Theta_35, Theta_36, Theta_37, Theta_38, Theta_39, Theta_40, Theta_41, Theta_42, Theta_43, Theta_44, Theta_45, Theta_46, Theta_47, Theta_48, Theta_49, Theta_50, Salt_0, Salt_1, Salt_2, Salt_3, Salt_4, Salt_5, Salt_6, Salt_7, Salt_8, Salt_9, Salt_10, Salt_11, Salt_12, Salt_13, Salt_14, Salt_15, Salt_16, Salt_17, Salt_18, Salt_19, Salt_20, Salt_21, Salt_22, Salt_23, Salt_24, Salt_25, Salt_26, Salt_27, Salt_28, Salt_29, Salt_30, Salt_31, Salt_32, Salt_33, Salt_34, Salt_35, Salt_36, Salt_37, Salt_38, Salt_39, Salt_40, Salt_41, Salt_42, Salt_43, Salt_44, Salt_45, Salt_46, Salt_47, Salt_48, Salt_49, Salt_50, Eta
2026-03-17 17:47:42,989 - INFO - train - Boundary variables: oceTAUX, oceTAUY, oceQnet, Eta
2026-03-17 17:47:42,989 - INFO - train - Levels: 51
[rank1]: Traceback (most recent call last):
[rank1]:   File "/orcd/home/002/codycruz/Ocean_Emulator_gpudecode/src/ocean_emulators/utils/location.py", line 74, in _open_with_optional_gpu_decode
[rank1]:     return open_dataset()
[rank1]:            ^^^^^^^^^^^^^^
[rank1]:   File "/orcd/home/002/codycruz/Ocean_Emulator_gpudecode/src/ocean_emulators/utils/location.py", line 237, in <lambda>
[rank1]:     open_dataset=lambda: xr.open_dataset(
[rank1]:                          ^^^^^^^^^^^^^^^^
[rank1]:   File "/orcd/home/002/codycruz/Ocean_Emulator_gpudecode/.venv/lib64/python3.12/site-packages/xarray/backends/api.py", line 607, in open_dataset
[rank1]:     backend_ds = backend.open_dataset(
[rank1]:                  ^^^^^^^^^^^^^^^^^^^^^
[rank1]:   File "/orcd/home/002/codycruz/Ocean_Emulator_gpudecode/.venv/lib64/python3.12/site-packages/xarray/backends/zarr.py", line 1683, in open_dataset
[rank1]:     store = ZarrStore.open_group(
[rank1]:             ^^^^^^^^^^^^^^^^^^^^^
[rank1]:   File "/orcd/home/002/codycruz/Ocean_Emulator_gpudecode/.venv/lib64/python3.12/site-packages/xarray/backends/zarr.py", line 722, in open_group
[rank1]:     ) = _get_open_params(
[rank1]:         ^^^^^^^^^^^^^^^^^
[rank1]:   File "/orcd/home/002/codycruz/Ocean_Emulator_gpudecode/.venv/lib64/python3.12/site-packages/xarray/backends/zarr.py", line 1891, in _get_open_params
[rank1]:     zarr_root_group = zarr.open_consolidated(store, **open_kwargs)
[rank1]:                       ^^^^^^^^^^^^^^^^^^^^^^^^^^^^^^^^^^^^^^^^^^^^
[rank1]:   File "/orcd/home/002/codycruz/Ocean_Emulator_gpudecode/.venv/lib64/python3.12/site-packages/zarr/api/synchronous.py", line 238, in open_consolidated
[rank1]:     sync(async_api.open_consolidated(*args, use_consolidated=use_consolidated, **kwargs))
[rank1]:   File "/orcd/home/002/codycruz/Ocean_Emulator_gpudecode/.venv/lib64/python3.12/site-packages/zarr/core/sync.py", line 159, in sync
[rank1]:     raise return_result
[rank1]:   File "/orcd/home/002/codycruz/Ocean_Emulator_gpudecode/.venv/lib64/python3.12/site-packages/zarr/core/sync.py", line 119, in _runner
[rank1]:     return await coro
[rank1]:            ^^^^^^^^^^
[rank1]:   File "/orcd/home/002/codycruz/Ocean_Emulator_gpudecode/.venv/lib64/python3.12/site-packages/zarr/api/asynchronous.py", line 415, in open_consolidated
[rank1]:     return await open_group(*args, use_consolidated=use_consolidated, **kwargs)
[rank1]:            ^^^^^^^^^^^^^^^^^^^^^^^^^^^^^^^^^^^^^^^^^^^^^^^^^^^^^^^^^^^^^^^^^^^^
[rank1]:   File "/orcd/home/002/codycruz/Ocean_Emulator_gpudecode/.venv/lib64/python3.12/site-packages/zarr/api/asynchronous.py", line 860, in open_group
[rank1]:     store_path = await make_store_path(store, mode=mode, storage_options=storage_options, path=path)
[rank1]:                  ^^^^^^^^^^^^^^^^^^^^^^^^^^^^^^^^^^^^^^^^^^^^^^^^^^^^^^^^^^^^^^^^^^^^^^^^^^^^^^^^^^^
[rank1]:   File "/orcd/home/002/codycruz/Ocean_Emulator_gpudecode/.venv/lib64/python3.12/site-packages/zarr/storage/_common.py", line 423, in make_store_path
[rank1]:     return await StorePath.open(store, path=path_normalized, mode=mode)
[rank1]:            ^^^^^^^^^^^^^^^^^^^^^^^^^^^^^^^^^^^^^^^^^^^^^^^^^^^^^^^^^^^^
[rank1]:   File "/orcd/home/002/codycruz/Ocean_Emulator_gpudecode/.venv/lib64/python3.12/site-packages/zarr/storage/_common.py", line 129, in open
[rank1]:     self = await cls._create_open_instance(read_only_store, path)
[rank1]:            ^^^^^^^^^^^^^^^^^^^^^^^^^^^^^^^^^^^^^^^^^^^^^^^^^^^^^^
[rank1]:   File "/orcd/home/002/codycruz/Ocean_Emulator_gpudecode/.venv/lib64/python3.12/site-packages/zarr/storage/_common.py", line 71, in _create_open_instance
[rank1]:     await store._ensure_open()
[rank1]:   File "/orcd/home/002/codycruz/Ocean_Emulator_gpudecode/.venv/lib64/python3.12/site-packages/zarr/abc/store.py", line 134, in _ensure_open
[rank1]:     await self._open()
[rank1]:   File "/orcd/home/002/codycruz/Ocean_Emulator_gpudecode/.venv/lib64/python3.12/site-packages/zarr/storage/_local.py", line 171, in _open
[rank1]:     if not self.root.exists():
[rank1]:            ^^^^^^^^^^^^^^^^^^
[rank1]:   File "/usr/lib64/python3.12/pathlib.py", line 860, in exists
[rank1]:     self.stat(follow_symlinks=follow_symlinks)
[rank1]:   File "/usr/lib64/python3.12/pathlib.py", line 840, in stat
[rank1]:     return os.stat(self, follow_symlinks=follow_symlinks)
[rank1]:            ^^^^^^^^^^^^^^^^^^^^^^^^^^^^^^^^^^^^^^^^^^^^^^
[rank1]: PermissionError: [Errno 13] Permission denied: '/orcd/pool/008/jrusak/data/LLC4320v3'

[rank1]: The above exception was the direct cause of the following exception:

[rank1]: Traceback (most recent call last):
[rank1]:   File "<frozen runpy>", line 198, in _run_module_as_main
[rank1]:   File "<frozen runpy>", line 88, in _run_code
[rank1]:   File "/orcd/home/002/codycruz/Ocean_Emulator_gpudecode/src/ocean_emulators/train.py", line 1089, in <module>
[rank1]:     main()
[rank1]:   File "/orcd/home/002/codycruz/Ocean_Emulator_gpudecode/src/ocean_emulators/train.py", line 1079, in main
[rank1]:     trainer = Trainer(cfg)
[rank1]:               ^^^^^^^^^^^^
[rank1]:   File "/orcd/home/002/codycruz/Ocean_Emulator_gpudecode/src/ocean_emulators/train.py", line 132, in __init__
[rank1]:     self.data_container = cfg.data.build(
[rank1]:                           ^^^^^^^^^^^^^^^
[rank1]:   File "/orcd/home/002/codycruz/Ocean_Emulator_gpudecode/src/ocean_emulators/config.py", line 224, in build
[rank1]:     src, fork = make_source(
[rank1]:                 ^^^^^^^^^^^^
[rank1]:   File "/orcd/home/002/codycruz/Ocean_Emulator_gpudecode/src/ocean_emulators/config.py", line 196, in make_source
[rank1]:     data_source = DataSource.from_locations(
[rank1]:                   ^^^^^^^^^^^^^^^^^^^^^^^^^^
[rank1]:   File "/orcd/home/002/codycruz/Ocean_Emulator_gpudecode/src/ocean_emulators/utils/data.py", line 459, in from_locations
[rank1]:     data = data_location.open(chunks, use_gpu_zarr_decode=zarr_gpu_decode)
[rank1]:            ^^^^^^^^^^^^^^^^^^^^^^^^^^^^^^^^^^^^^^^^^^^^^^^^^^^^^^^^^^^^^^^
[rank1]:   File "/orcd/home/002/codycruz/Ocean_Emulator_gpudecode/src/ocean_emulators/utils/location.py", line 234, in open
[rank1]:     return _open_with_optional_gpu_decode(
[rank1]:            ^^^^^^^^^^^^^^^^^^^^^^^^^^^^^^^
[rank1]:   File "/orcd/home/002/codycruz/Ocean_Emulator_gpudecode/src/ocean_emulators/utils/location.py", line 79, in _open_with_optional_gpu_decode
[rank1]:     raise RuntimeError(
[rank1]: RuntimeError: GPU zarr decode failed while opening /orcd/pool/008/jrusak/data/LLC4320v3 with xarray. This usually means xarray/zarr GPU-buffer integration is incompatible with the current store or environment. Set data.zarr_gpu_decode=false to continue on the CPU path.
[rank0]: Traceback (most recent call last):
[rank0]:   File "/orcd/home/002/codycruz/Ocean_Emulator_gpudecode/src/ocean_emulators/utils/location.py", line 74, in _open_with_optional_gpu_decode
[rank0]:     return open_dataset()
[rank0]:            ^^^^^^^^^^^^^^
[rank0]:   File "/orcd/home/002/codycruz/Ocean_Emulator_gpudecode/src/ocean_emulators/utils/location.py", line 237, in <lambda>
[rank0]:     open_dataset=lambda: xr.open_dataset(
[rank0]:                          ^^^^^^^^^^^^^^^^
[rank0]:   File "/orcd/home/002/codycruz/Ocean_Emulator_gpudecode/.venv/lib64/python3.12/site-packages/xarray/backends/api.py", line 607, in open_dataset
[rank0]:     backend_ds = backend.open_dataset(
[rank0]:                  ^^^^^^^^^^^^^^^^^^^^^
[rank0]:   File "/orcd/home/002/codycruz/Ocean_Emulator_gpudecode/.venv/lib64/python3.12/site-packages/xarray/backends/zarr.py", line 1683, in open_dataset
[rank0]:     store = ZarrStore.open_group(
[rank0]:             ^^^^^^^^^^^^^^^^^^^^^
[rank0]:   File "/orcd/home/002/codycruz/Ocean_Emulator_gpudecode/.venv/lib64/python3.12/site-packages/xarray/backends/zarr.py", line 722, in open_group
[rank0]:     ) = _get_open_params(
[rank0]:         ^^^^^^^^^^^^^^^^^
[rank0]:   File "/orcd/home/002/codycruz/Ocean_Emulator_gpudecode/.venv/lib64/python3.12/site-packages/xarray/backends/zarr.py", line 1891, in _get_open_params
[rank0]:     zarr_root_group = zarr.open_consolidated(store, **open_kwargs)
[rank0]:                       ^^^^^^^^^^^^^^^^^^^^^^^^^^^^^^^^^^^^^^^^^^^^
[rank0]:   File "/orcd/home/002/codycruz/Ocean_Emulator_gpudecode/.venv/lib64/python3.12/site-packages/zarr/api/synchronous.py", line 238, in open_consolidated
[rank0]:     sync(async_api.open_consolidated(*args, use_consolidated=use_consolidated, **kwargs))
[rank0]:   File "/orcd/home/002/codycruz/Ocean_Emulator_gpudecode/.venv/lib64/python3.12/site-packages/zarr/core/sync.py", line 159, in sync
[rank0]:     raise return_result
[rank0]:   File "/orcd/home/002/codycruz/Ocean_Emulator_gpudecode/.venv/lib64/python3.12/site-packages/zarr/core/sync.py", line 119, in _runner
[rank0]:     return await coro
[rank0]:            ^^^^^^^^^^
[rank0]:   File "/orcd/home/002/codycruz/Ocean_Emulator_gpudecode/.venv/lib64/python3.12/site-packages/zarr/api/asynchronous.py", line 415, in open_consolidated
[rank0]:     return await open_group(*args, use_consolidated=use_consolidated, **kwargs)
[rank0]:            ^^^^^^^^^^^^^^^^^^^^^^^^^^^^^^^^^^^^^^^^^^^^^^^^^^^^^^^^^^^^^^^^^^^^
[rank0]:   File "/orcd/home/002/codycruz/Ocean_Emulator_gpudecode/.venv/lib64/python3.12/site-packages/zarr/api/asynchronous.py", line 860, in open_group
[rank0]:     store_path = await make_store_path(store, mode=mode, storage_options=storage_options, path=path)
[rank0]:                  ^^^^^^^^^^^^^^^^^^^^^^^^^^^^^^^^^^^^^^^^^^^^^^^^^^^^^^^^^^^^^^^^^^^^^^^^^^^^^^^^^^^
[rank0]:   File "/orcd/home/002/codycruz/Ocean_Emulator_gpudecode/.venv/lib64/python3.12/site-packages/zarr/storage/_common.py", line 423, in make_store_path
[rank0]:     return await StorePath.open(store, path=path_normalized, mode=mode)
[rank0]:            ^^^^^^^^^^^^^^^^^^^^^^^^^^^^^^^^^^^^^^^^^^^^^^^^^^^^^^^^^^^^
[rank0]:   File "/orcd/home/002/codycruz/Ocean_Emulator_gpudecode/.venv/lib64/python3.12/site-packages/zarr/storage/_common.py", line 129, in open
[rank0]:     self = await cls._create_open_instance(read_only_store, path)
[rank0]:            ^^^^^^^^^^^^^^^^^^^^^^^^^^^^^^^^^^^^^^^^^^^^^^^^^^^^^^
[rank0]:   File "/orcd/home/002/codycruz/Ocean_Emulator_gpudecode/.venv/lib64/python3.12/site-packages/zarr/storage/_common.py", line 71, in _create_open_instance
[rank0]:     await store._ensure_open()
[rank0]:   File "/orcd/home/002/codycruz/Ocean_Emulator_gpudecode/.venv/lib64/python3.12/site-packages/zarr/abc/store.py", line 134, in _ensure_open
[rank0]:     await self._open()
[rank0]:   File "/orcd/home/002/codycruz/Ocean_Emulator_gpudecode/.venv/lib64/python3.12/site-packages/zarr/storage/_local.py", line 171, in _open
[rank0]:     if not self.root.exists():
[rank0]:            ^^^^^^^^^^^^^^^^^^
[rank0]:   File "/usr/lib64/python3.12/pathlib.py", line 860, in exists
[rank0]:     self.stat(follow_symlinks=follow_symlinks)
[rank0]:   File "/usr/lib64/python3.12/pathlib.py", line 840, in stat
[rank0]:     return os.stat(self, follow_symlinks=follow_symlinks)
[rank0]:            ^^^^^^^^^^^^^^^^^^^^^^^^^^^^^^^^^^^^^^^^^^^^^^
[rank0]: PermissionError: [Errno 13] Permission denied: '/orcd/pool/008/jrusak/data/LLC4320v3'

[rank0]: The above exception was the direct cause of the following exception:

[rank0]: Traceback (most recent call last):
[rank0]:   File "<frozen runpy>", line 198, in _run_module_as_main
[rank0]:   File "<frozen runpy>", line 88, in _run_code
[rank0]:   File "/orcd/home/002/codycruz/Ocean_Emulator_gpudecode/src/ocean_emulators/train.py", line 1089, in <module>
[rank0]:     main()
[rank0]:   File "/orcd/home/002/codycruz/Ocean_Emulator_gpudecode/src/ocean_emulators/train.py", line 1079, in main
[rank0]:     trainer = Trainer(cfg)
[rank0]:               ^^^^^^^^^^^^
[rank0]:   File "/orcd/home/002/codycruz/Ocean_Emulator_gpudecode/src/ocean_emulators/train.py", line 132, in __init__
[rank0]:     self.data_container = cfg.data.build(
[rank0]:                           ^^^^^^^^^^^^^^^
[rank0]:   File "/orcd/home/002/codycruz/Ocean_Emulator_gpudecode/src/ocean_emulators/config.py", line 224, in build
[rank0]:     src, fork = make_source(
[rank0]:                 ^^^^^^^^^^^^
[rank0]:   File "/orcd/home/002/codycruz/Ocean_Emulator_gpudecode/src/ocean_emulators/config.py", line 196, in make_source
[rank0]:     data_source = DataSource.from_locations(
[rank0]:                   ^^^^^^^^^^^^^^^^^^^^^^^^^^
[rank0]:   File "/orcd/home/002/codycruz/Ocean_Emulator_gpudecode/src/ocean_emulators/utils/data.py", line 459, in from_locations
[rank0]:     data = data_location.open(chunks, use_gpu_zarr_decode=zarr_gpu_decode)
[rank0]:            ^^^^^^^^^^^^^^^^^^^^^^^^^^^^^^^^^^^^^^^^^^^^^^^^^^^^^^^^^^^^^^^
[rank0]:   File "/orcd/home/002/codycruz/Ocean_Emulator_gpudecode/src/ocean_emulators/utils/location.py", line 234, in open
[rank0]:     return _open_with_optional_gpu_decode(
[rank0]:            ^^^^^^^^^^^^^^^^^^^^^^^^^^^^^^^
[rank0]:   File "/orcd/home/002/codycruz/Ocean_Emulator_gpudecode/src/ocean_emulators/utils/location.py", line 79, in _open_with_optional_gpu_decode
[rank0]:     raise RuntimeError(
[rank0]: RuntimeError: GPU zarr decode failed while opening /orcd/pool/008/jrusak/data/LLC4320v3 with xarray. This usually means xarray/zarr GPU-buffer integration is incompatible with the current store or environment. Set data.zarr_gpu_decode=false to continue on the CPU path.
[rank0]:[W317 17:47:43.177258625 ProcessGroupNCCL.cpp:1524] Warning: WARNING: destroy_process_group() was not called before program exit, which can leak resources. For more info, please see https://pytorch.org/docs/stable/distributed.html#shutdown (function operator())
node2905:2274415:2274507 [0] NCCL INFO misc/socket.cc:64 -> 3
node2905:2274415:2274507 [0] NCCL INFO misc/socket.cc:81 -> 3
node2905:2274415:2274507 [0] NCCL INFO misc/socket.cc:863 -> 3
node2905:2274415:2274493 [0] NCCL INFO misc/socket.cc:915 -> 3
node2905:2274415:2274507 [0] NCCL INFO misc/socket.cc:64 -> 3
node2905:2274415:2274507 [0] NCCL INFO misc/socket.cc:81 -> 3
node2905:2274415:2274507 [0] NCCL INFO misc/socket.cc:863 -> 3
node2905:2274415:2274493 [0] NCCL INFO misc/socket.cc:915 -> 3
node2905:2274416:2274510 [1] NCCL INFO misc/socket.cc:64 -> 3
node2905:2274416:2274510 [1] NCCL INFO misc/socket.cc:81 -> 3
node2905:2274416:2274510 [1] NCCL INFO misc/socket.cc:863 -> 3
node2905:2274416:2274510 [1] NCCL INFO misc/socket.cc:64 -> 3
node2905:2274416:2274510 [1] NCCL INFO misc/socket.cc:81 -> 3
node2905:2274416:2274510 [1] NCCL INFO misc/socket.cc:863 -> 3
node2905:2274416:2274492 [1] NCCL INFO misc/socket.cc:915 -> 3
node2905:2274415:2274507 [0] NCCL INFO comm 0x5574055a3d60 rank 0 nranks 2 cudaDev 0 busId 55000 - Abort COMPLETE
node2905:2274416:2274510 [1] NCCL INFO comm 0x564200fc9a30 rank 1 nranks 2 cudaDev 1 busId 68000 - Abort COMPLETE
W0317 17:47:44.626000 2274379 .venv/lib/python3.12/site-packages/torch/distributed/elastic/multiprocessing/api.py:908] Sending process 2274416 closing signal SIGTERM
E0317 17:47:44.840000 2274379 .venv/lib/python3.12/site-packages/torch/distributed/elastic/multiprocessing/api.py:882] failed (exitcode: 1) local_rank: 0 (pid: 2274415) of binary: /orcd/home/002/codycruz/Ocean_Emulator_gpudecode/.venv/bin/python3
Traceback (most recent call last):
  File "<frozen runpy>", line 198, in _run_module_as_main
  File "<frozen runpy>", line 88, in _run_code
  File "/orcd/home/002/codycruz/Ocean_Emulator_gpudecode/.venv/lib64/python3.12/site-packages/torch/distributed/run.py", line 940, in <module>
    main()
  File "/orcd/home/002/codycruz/Ocean_Emulator_gpudecode/.venv/lib64/python3.12/site-packages/torch/distributed/elastic/multiprocessing/errors/__init__.py", line 357, in wrapper
    return f(*args, **kwargs)
           ^^^^^^^^^^^^^^^^^^
  File "/orcd/home/002/codycruz/Ocean_Emulator_gpudecode/.venv/lib64/python3.12/site-packages/torch/distributed/run.py", line 936, in main
    run(args)
  File "/orcd/home/002/codycruz/Ocean_Emulator_gpudecode/.venv/lib64/python3.12/site-packages/torch/distributed/run.py", line 927, in run
    elastic_launch(
  File "/orcd/home/002/codycruz/Ocean_Emulator_gpudecode/.venv/lib64/python3.12/site-packages/torch/distributed/launcher/api.py", line 156, in __call__
    return launch_agent(self._config, self._entrypoint, list(args))
           ^^^^^^^^^^^^^^^^^^^^^^^^^^^^^^^^^^^^^^^^^^^^^^^^^^^^^^^^
  File "/orcd/home/002/codycruz/Ocean_Emulator_gpudecode/.venv/lib64/python3.12/site-packages/torch/distributed/launcher/api.py", line 293, in launch_agent
    raise ChildFailedError(
torch.distributed.elastic.multiprocessing.errors.ChildFailedError: 
============================================================
ocean_emulators.train FAILED
------------------------------------------------------------
Failures:
  <NO_OTHER_FAILURES>
------------------------------------------------------------
Root Cause (first observed failure):
[0]:
  time      : 2026-03-17_17:47:44
  host      : node2905.inband
  rank      : 0 (local_rank: 0)
  exitcode  : 1 (pid: 2274415)
  error_file: <N/A>
  traceback : To enable traceback see: https://pytorch.org/docs/stable/elastic/errors.html
============================================================
